Sep 13 09:33:03 cu-cs-vm rsyslogd: [origin software="rsyslogd" swVersion="8.16.0" x-pid="837" x-info="http://www.rsyslog.com"] rsyslogd was HUPed
Sep 13 09:33:22 cu-cs-vm anacron[795]: Job `cron.daily' terminated (mailing output)
Sep 13 09:33:22 cu-cs-vm anacron[795]: anacron: Can't find sendmail at /usr/sbin/sendmail, not mailing output
Sep 13 09:33:22 cu-cs-vm anacron[795]: Can't find sendmail at /usr/sbin/sendmail, not mailing output
Sep 13 09:33:22 cu-cs-vm anacron[795]: Normal exit (1 job run)
Sep 13 09:38:02 cu-cs-vm uptimed: moving up to position 12: 0 days, 00:10:11
Sep 13 09:42:55 cu-cs-vm systemd[1]: Starting Cleanup of Temporary Directories...
Sep 13 09:42:55 cu-cs-vm systemd-tmpfiles[1992]: [/usr/lib/tmpfiles.d/var.conf:14] Duplicate line for path "/var/log", ignoring.
Sep 13 09:42:55 cu-cs-vm systemd[1]: Started Cleanup of Temporary Directories.
Sep 13 09:48:02 cu-cs-vm uptimed: moving up to position 9: 0 days, 00:20:11
Sep 13 09:52:46 cu-cs-vm kernel: [ 1494.947080] do_trap: 9 callbacks suppressed
Sep 13 09:52:46 cu-cs-vm kernel: [ 1494.947084] traps: xfdesktop[1288] trap divide error ip:55e6b3722f15 sp:7ffc35a51af0 error:0 in xfdesktop[55e6b36fb000+58000]
Sep 13 09:52:53 cu-cs-vm kernel: [ 1501.414737] traps: xfdesktop[2156] trap divide error ip:55c7759bdf15 sp:7ffe77179830 error:0 in xfdesktop[55c775996000+58000]
Sep 13 09:58:02 cu-cs-vm uptimed: moving up to position 8: 0 days, 00:30:11
Sep 13 10:07:24 cu-cs-vm kernel: [ 2372.908384] a.out[2422]: segfault at 0 ip 00000000004005a5 sp 00007ffefcd042f0 error 4 in a.out[400000+1000]
Sep 13 10:08:02 cu-cs-vm uptimed: moving up to position 7: 0 days, 00:40:11
Sep 13 10:10:06 cu-cs-vm kernel: [ 2534.484718] a.out[2430]: segfault at 0 ip 00000000004005a5 sp 00007ffc00825fa0 error 4 in a.out[400000+1000]
Sep 13 10:10:13 cu-cs-vm kernel: [ 2541.497690] a.out[2437]: segfault at 0 ip 00000000004005a5 sp 00007ffe77ba8650 error 4 in a.out[400000+1000]
Sep 13 10:17:01 cu-cs-vm CRON[2462]: (root) CMD (   cd / && run-parts --report /etc/cron.hourly)
Sep 13 10:48:00 cu-cs-vm kernel: [ 4809.278465] SGI XFS with ACLs, security attributes, realtime, no debug enabled
Sep 13 10:48:00 cu-cs-vm kernel: [ 4809.313090] JFS: nTxBlock = 8192, nTxLock = 65536
Sep 13 10:48:01 cu-cs-vm kernel: [ 4809.341599] ntfs: driver 2.1.32 [Flags: R/O MODULE].
Sep 13 10:48:01 cu-cs-vm kernel: [ 4809.391917] QNX4 filesystem 0.2.3 registered.
Sep 13 10:48:01 cu-cs-vm kernel: [ 4809.468788] raid6: sse2x1   gen()  4652 MB/s
Sep 13 10:48:01 cu-cs-vm kernel: [ 4809.516654] raid6: sse2x1   xor()  3348 MB/s
Sep 13 10:48:01 cu-cs-vm kernel: [ 4809.566167] raid6: sse2x2   gen()  6364 MB/s
Sep 13 10:48:01 cu-cs-vm kernel: [ 4809.612438] raid6: sse2x2   xor()  3972 MB/s
Sep 13 10:48:01 cu-cs-vm kernel: [ 4809.660658] raid6: sse2x4   gen()  6363 MB/s
Sep 13 10:48:01 cu-cs-vm kernel: [ 4809.708342] raid6: sse2x4   xor()  4380 MB/s
Sep 13 10:48:01 cu-cs-vm kernel: [ 4809.756678] raid6: avx2x1   gen()  8951 MB/s
Sep 13 10:48:01 cu-cs-vm kernel: [ 4809.804313] raid6: avx2x1   xor()  6619 MB/s
Sep 13 10:48:01 cu-cs-vm kernel: [ 4809.852374] raid6: avx2x2   gen()  8523 MB/s
Sep 13 10:48:01 cu-cs-vm kernel: [ 4809.900835] raid6: avx2x2   xor()  7372 MB/s
Sep 13 10:48:01 cu-cs-vm kernel: [ 4809.949367] raid6: avx2x4   gen() 11699 MB/s
Sep 13 10:48:01 cu-cs-vm kernel: [ 4809.996681] raid6: avx2x4   xor()  8686 MB/s
Sep 13 10:48:01 cu-cs-vm kernel: [ 4809.996683] raid6: using algorithm avx2x4 gen() 11699 MB/s
Sep 13 10:48:01 cu-cs-vm kernel: [ 4809.996684] raid6: .... xor() 8686 MB/s, rmw enabled
Sep 13 10:48:01 cu-cs-vm kernel: [ 4809.996685] raid6: using avx2x2 recovery algorithm
Sep 13 10:48:01 cu-cs-vm kernel: [ 4810.010702] xor: automatically using best checksumming function   avx       
Sep 13 10:48:01 cu-cs-vm kernel: [ 4810.059686] Btrfs loaded, crc32c=crc32c-intel
Sep 13 10:48:01 cu-cs-vm os-prober: debug: /dev/sda2: DOS extended partition; skipping
Sep 13 10:48:01 cu-cs-vm os-prober: debug: /dev/sda5: is active swap
Sep 13 10:48:02 cu-cs-vm uptimed: moving up to position 6: 0 days, 01:20:11
Sep 13 10:48:06 cu-cs-vm systemd[1]: Stopping Authenticate and Authorize Users to Run Privileged Tasks...
Sep 13 10:48:06 cu-cs-vm systemd[1]: Stopping User Manager for UID 1000...
Sep 13 10:48:06 cu-cs-vm systemd[1]: Stopping Daemon for power management...
Sep 13 10:48:06 cu-cs-vm systemd[1]: Stopped target Graphical Interface.
Sep 13 10:48:06 cu-cs-vm systemd[1]: Stopping Accounts Service...
Sep 13 10:48:06 cu-cs-vm systemd[1004]: Stopped target Default.
Sep 13 10:48:06 cu-cs-vm systemd[1004]: Stopped target Basic System.
Sep 13 10:48:06 cu-cs-vm systemd[1004]: Stopped target Sockets.
Sep 13 10:48:06 cu-cs-vm systemd[1004]: Reached target Shutdown.
Sep 13 10:48:06 cu-cs-vm systemd[1004]: Starting Exit the Session...
Sep 13 10:48:06 cu-cs-vm systemd[1004]: Stopped target Paths.
Sep 13 10:48:06 cu-cs-vm systemd[1004]: Stopped target Timers.
Sep 13 10:48:06 cu-cs-vm systemd[1]: Stopped target Multi-User System.
Sep 13 10:48:06 cu-cs-vm rsyslogd: [origin software="rsyslogd" swVersion="8.16.0" x-pid="837" x-info="http://www.rsyslog.com"] exiting on signal 15.
Sep 13 10:48:29 cu-cs-vm rsyslogd: [origin software="rsyslogd" swVersion="8.16.0" x-pid="824" x-info="http://www.rsyslog.com"] start
Sep 13 10:48:29 cu-cs-vm rsyslogd-2222: command 'KLogPermitNonKernelFacility' is currently not permitted - did you already set it via a RainerScript command (v6+ config)? [v8.16.0 try http://www.rsyslog.com/e/2222 ]
Sep 13 10:48:29 cu-cs-vm rsyslogd: rsyslogd's groupid changed to 108
Sep 13 10:48:29 cu-cs-vm rsyslogd: rsyslogd's userid changed to 104
Sep 13 10:48:29 cu-cs-vm rsyslogd-2039: Could not open output pipe '/dev/xconsole':: No such file or directory [v8.16.0 try http://www.rsyslog.com/e/2039 ]
Sep 13 10:48:29 cu-cs-vm rsyslogd-2007: action 'action 10' suspended, next retry is Fri Sep 13 10:48:59 2019 [v8.16.0 try http://www.rsyslog.com/e/2007 ]
Sep 13 10:48:29 cu-cs-vm kernel: [    0.000000] Linux version 4.15.0-33-generic (buildd@lgw01-amd64-010) (gcc version 5.4.0 20160609 (Ubuntu 5.4.0-6ubuntu1~16.04.10)) #36~16.04.1-Ubuntu SMP Wed Aug 15 17:21:05 UTC 2018 (Ubuntu 4.15.0-33.36~16.04.1-generic 4.15.18)
Sep 13 10:48:29 cu-cs-vm kernel: [    0.000000] Command line: BOOT_IMAGE=/boot/vmlinuz-4.15.0-33-generic root=UUID=a7adc8c1-e02a-478b-93ad-c06e060e0176 ro
Sep 13 10:48:29 cu-cs-vm kernel: [    0.000000] KERNEL supported cpus:
Sep 13 10:48:29 cu-cs-vm kernel: [    0.000000]   Intel GenuineIntel
Sep 13 10:48:29 cu-cs-vm kernel: [    0.000000]   AMD AuthenticAMD
Sep 13 10:48:29 cu-cs-vm kernel: [    0.000000]   Centaur CentaurHauls
Sep 13 10:48:29 cu-cs-vm kernel: [    0.000000] Disabled fast string operations
Sep 13 10:48:29 cu-cs-vm kernel: [    0.000000] x86/fpu: Supporting XSAVE feature 0x001: 'x87 floating point registers'
Sep 13 10:48:29 cu-cs-vm kernel: [    0.000000] x86/fpu: Supporting XSAVE feature 0x002: 'SSE registers'
Sep 13 10:48:29 cu-cs-vm kernel: [    0.000000] x86/fpu: Supporting XSAVE feature 0x004: 'AVX registers'
Sep 13 10:48:29 cu-cs-vm kernel: [    0.000000] x86/fpu: xstate_offset[2]:  576, xstate_sizes[2]:  256
Sep 13 10:48:29 cu-cs-vm kernel: [    0.000000] x86/fpu: Enabled xstate features 0x7, context size is 832 bytes, using 'standard' format.
Sep 13 10:48:29 cu-cs-vm kernel: [    0.000000] e820: BIOS-provided physical RAM map:
Sep 13 10:48:29 cu-cs-vm kernel: [    0.000000] BIOS-e820: [mem 0x0000000000000000-0x000000000009e7ff] usable
Sep 13 10:48:29 cu-cs-vm kernel: [    0.000000] BIOS-e820: [mem 0x000000000009e800-0x000000000009ffff] reserved
Sep 13 10:48:29 cu-cs-vm kernel: [    0.000000] BIOS-e820: [mem 0x00000000000dc000-0x00000000000fffff] reserved
Sep 13 10:48:29 cu-cs-vm kernel: [    0.000000] BIOS-e820: [mem 0x0000000000100000-0x00000000bfecffff] usable
Sep 13 10:48:29 cu-cs-vm kernel: [    0.000000] BIOS-e820: [mem 0x00000000bfed0000-0x00000000bfefefff] ACPI data
Sep 13 10:48:29 cu-cs-vm kernel: [    0.000000] BIOS-e820: [mem 0x00000000bfeff000-0x00000000bfefffff] ACPI NVS
Sep 13 10:48:29 cu-cs-vm kernel: [    0.000000] BIOS-e820: [mem 0x00000000bff00000-0x00000000bfffffff] usable
Sep 13 10:48:29 cu-cs-vm kernel: [    0.000000] BIOS-e820: [mem 0x00000000f0000000-0x00000000f7ffffff] reserved
Sep 13 10:48:29 cu-cs-vm kernel: [    0.000000] BIOS-e820: [mem 0x00000000fec00000-0x00000000fec0ffff] reserved
Sep 13 10:48:29 cu-cs-vm kernel: [    0.000000] BIOS-e820: [mem 0x00000000fee00000-0x00000000fee00fff] reserved
Sep 13 10:48:29 cu-cs-vm kernel: [    0.000000] BIOS-e820: [mem 0x00000000fffe0000-0x00000000ffffffff] reserved
Sep 13 10:48:29 cu-cs-vm kernel: [    0.000000] BIOS-e820: [mem 0x0000000100000000-0x000000013fffffff] usable
Sep 13 10:48:29 cu-cs-vm kernel: [    0.000000] NX (Execute Disable) protection: active
Sep 13 10:48:29 cu-cs-vm kernel: [    0.000000] SMBIOS 2.7 present.
Sep 13 10:48:29 cu-cs-vm kernel: [    0.000000] DMI: VMware, Inc. VMware Virtual Platform/440BX Desktop Reference Platform, BIOS 6.00 04/13/2018
Sep 13 10:48:29 cu-cs-vm kernel: [    0.000000] Hypervisor detected: VMware
Sep 13 10:48:29 cu-cs-vm kernel: [    0.000000] vmware: TSC freq read from hypervisor : 1799.999 MHz
Sep 13 10:48:29 cu-cs-vm kernel: [    0.000000] vmware: Host bus clock speed read from hypervisor : 66000000 Hz
Sep 13 10:48:29 cu-cs-vm kernel: [    0.000000] vmware: using sched offset of 12664442328 ns
Sep 13 10:48:29 cu-cs-vm kernel: [    0.000000] e820: update [mem 0x00000000-0x00000fff] usable ==> reserved
Sep 13 10:48:29 cu-cs-vm kernel: [    0.000000] e820: remove [mem 0x000a0000-0x000fffff] usable
Sep 13 10:48:29 cu-cs-vm kernel: [    0.000000] e820: last_pfn = 0x140000 max_arch_pfn = 0x400000000
Sep 13 10:48:29 cu-cs-vm kernel: [    0.000000] MTRR default type: uncachable
Sep 13 10:48:29 cu-cs-vm kernel: [    0.000000] MTRR fixed ranges enabled:
Sep 13 10:48:29 cu-cs-vm kernel: [    0.000000]   00000-9FFFF write-back
Sep 13 10:48:29 cu-cs-vm kernel: [    0.000000]   A0000-BFFFF uncachable
Sep 13 10:48:29 cu-cs-vm kernel: [    0.000000]   C0000-C7FFF write-protect
Sep 13 10:48:29 cu-cs-vm kernel: [    0.000000]   C8000-CBFFF write-back
Sep 13 10:48:29 cu-cs-vm kernel: [    0.000000]   CC000-EFFFF uncachable
Sep 13 10:48:29 cu-cs-vm kernel: [    0.000000]   F0000-FFFFF write-protect
Sep 13 10:48:29 cu-cs-vm kernel: [    0.000000] MTRR variable ranges enabled:
Sep 13 10:48:29 cu-cs-vm kernel: [    0.000000]   0 base 00000000000 mask 3E000000000 write-back
Sep 13 10:48:29 cu-cs-vm kernel: [    0.000000]   1 base 000C0000000 mask 3FFC0000000 uncachable
Sep 13 10:48:29 cu-cs-vm kernel: [    0.000000]   2 disabled
Sep 13 10:48:29 cu-cs-vm kernel: [    0.000000]   3 disabled
Sep 13 10:48:29 cu-cs-vm kernel: [    0.000000]   4 disabled
Sep 13 10:48:29 cu-cs-vm kernel: [    0.000000]   5 disabled
Sep 13 10:48:29 cu-cs-vm kernel: [    0.000000]   6 disabled
Sep 13 10:48:29 cu-cs-vm kernel: [    0.000000]   7 disabled
Sep 13 10:48:29 cu-cs-vm kernel: [    0.000000] x86/PAT: Configuration [0-7]: WB  WC  UC- UC  WB  WP  UC- WT  
Sep 13 10:48:29 cu-cs-vm kernel: [    0.000000] total RAM covered: 130048M
Sep 13 10:48:29 cu-cs-vm kernel: [    0.000000] Found optimal setting for mtrr clean up
Sep 13 10:48:29 cu-cs-vm kernel: [    0.000000]  gran_size: 64K 	chunk_size: 64K 	num_reg: 7  	lose cover RAM: 0G
Sep 13 10:48:29 cu-cs-vm kernel: [    0.000000] e820: update [mem 0xc0000000-0xffffffff] usable ==> reserved
Sep 13 10:48:29 cu-cs-vm systemd-modules-load[371]: Inserted module 'lp'
Sep 13 10:48:29 cu-cs-vm systemd[1]: Starting Flush Journal to Persistent Storage...
Sep 13 10:48:29 cu-cs-vm systemd-modules-load[371]: Inserted module 'ppdev'
Sep 13 10:48:29 cu-cs-vm systemd-modules-load[371]: Inserted module 'parport_pc'
Sep 13 10:48:29 cu-cs-vm loadkeys[365]: Loading /etc/console-setup/cached.kmap.gz
Sep 13 10:48:29 cu-cs-vm systemd-modules-load[371]: Module 'fuse' is builtin
Sep 13 10:48:29 cu-cs-vm systemd[1]: Started Load Kernel Modules.
Sep 13 10:48:29 cu-cs-vm systemd[1]: Mounting Configuration File System...
Sep 13 10:48:29 cu-cs-vm systemd[1]: Starting Apply Kernel Variables...
Sep 13 10:48:29 cu-cs-vm systemd[1]: Mounting FUSE Control File System...
Sep 13 10:48:29 cu-cs-vm systemd[1]: Mounted Configuration File System.
Sep 13 10:48:29 cu-cs-vm systemd[1]: Mounted FUSE Control File System.
Sep 13 10:48:29 cu-cs-vm systemd[1]: Started Apply Kernel Variables.
Sep 13 10:48:29 cu-cs-vm systemd[1]: Mounting VMware vmblock fuse mount...
Sep 13 10:48:29 cu-cs-vm systemd[1]: Started Flush Journal to Persistent Storage.
Sep 13 10:48:29 cu-cs-vm systemd[1]: Started Create Static Device Nodes in /dev.
Sep 13 10:48:29 cu-cs-vm systemd[1]: Reached target Local File Systems (Pre).
Sep 13 10:48:29 cu-cs-vm systemd[1]: Reached target Local File Systems.
Sep 13 10:48:29 cu-cs-vm systemd[1]: Starting Set console font and keymap...
Sep 13 10:48:29 cu-cs-vm systemd[1]: Starting Tell Plymouth To Write Out Runtime Data...
Sep 13 10:48:29 cu-cs-vm systemd[1]: Starting Create Volatile Files and Directories...
Sep 13 10:48:29 cu-cs-vm systemd[1]: Starting LSB: AppArmor initialization...
Sep 13 10:48:29 cu-cs-vm systemd[1]: Starting Enable support for additional executable binary formats...
Sep 13 10:48:29 cu-cs-vm systemd-tmpfiles[426]: [/usr/lib/tmpfiles.d/var.conf:14] Duplicate line for path "/var/log", ignoring.
Sep 13 10:48:29 cu-cs-vm systemd[1]: Starting udev Kernel Device Manager...
Sep 13 10:48:29 cu-cs-vm systemd[1]: Started Create Volatile Files and Directories.
Sep 13 10:48:29 cu-cs-vm systemd[1]: Starting Update UTMP about System Boot/Shutdown...
Sep 13 10:48:29 cu-cs-vm systemd[1]: Starting Network Time Synchronization...
Sep 13 10:48:29 cu-cs-vm systemd[1]: Started Tell Plymouth To Write Out Runtime Data.
Sep 13 10:48:29 cu-cs-vm systemd[1]: Mounted VMware vmblock fuse mount.
Sep 13 10:48:29 cu-cs-vm systemd[1]: Started Service for virtual machines hosted on VMware.
Sep 13 10:48:29 cu-cs-vm systemd[1]: proc-sys-fs-binfmt_misc.automount: Got automount request for /proc/sys/fs/binfmt_misc, triggered by 429 (update-binfmts)
Sep 13 10:48:29 cu-cs-vm kernel: [    0.000000] e820: last_pfn = 0xc0000 max_arch_pfn = 0x400000000
Sep 13 10:48:29 cu-cs-vm kernel: [    0.000000] found SMP MP-table at [mem 0x000f6a80-0x000f6a8f] mapped at [        (ptrval)]
Sep 13 10:48:29 cu-cs-vm systemd[1]: Mounting Arbitrary Executable File Formats File System...
Sep 13 10:48:29 cu-cs-vm kernel: [    0.000000] Scanning 1 areas for low memory corruption
Sep 13 10:48:29 cu-cs-vm kernel: [    0.000000] Base memory trampoline at [        (ptrval)] 98000 size 24576
Sep 13 10:48:29 cu-cs-vm kernel: [    0.000000] Using GB pages for direct mapping
Sep 13 10:48:29 cu-cs-vm systemd[1]: Started Network Time Synchronization.
Sep 13 10:48:29 cu-cs-vm kernel: [    0.000000] BRK [0xa9d3e000, 0xa9d3efff] PGTABLE
Sep 13 10:48:29 cu-cs-vm kernel: [    0.000000] BRK [0xa9d3f000, 0xa9d3ffff] PGTABLE
Sep 13 10:48:29 cu-cs-vm kernel: [    0.000000] BRK [0xa9d40000, 0xa9d40fff] PGTABLE
Sep 13 10:48:29 cu-cs-vm kernel: [    0.000000] BRK [0xa9d41000, 0xa9d41fff] PGTABLE
Sep 13 10:48:29 cu-cs-vm kernel: [    0.000000] RAMDISK: [mem 0x315e8000-0x34aebfff]
Sep 13 10:48:29 cu-cs-vm kernel: [    0.000000] ACPI: Early table checksum verification disabled
Sep 13 10:48:29 cu-cs-vm systemd[1]: Reached target System Time Synchronized.
Sep 13 10:48:29 cu-cs-vm kernel: [    0.000000] ACPI: RSDP 0x00000000000F6A10 000024 (v02 PTLTD )
Sep 13 10:48:29 cu-cs-vm kernel: [    0.000000] ACPI: XSDT 0x00000000BFEDC677 000054 (v01 INTEL  440BX    06040000 VMW  01324272)
Sep 13 10:48:29 cu-cs-vm kernel: [    0.000000] ACPI: FACP 0x00000000BFEFEE73 0000F4 (v04 INTEL  440BX    06040000 PTL  000F4240)
Sep 13 10:48:29 cu-cs-vm kernel: [    0.000000] ACPI: DSDT 0x00000000BFEDDFD8 020E9B (v01 PTLTD  Custom   06040000 MSFT 03000001)
Sep 13 10:48:29 cu-cs-vm kernel: [    0.000000] ACPI: FACS 0x00000000BFEFFFC0 000040
Sep 13 10:48:29 cu-cs-vm kernel: [    0.000000] ACPI: FACS 0x00000000BFEFFFC0 000040
Sep 13 10:48:29 cu-cs-vm systemd[1]: Mounted Arbitrary Executable File Formats File System.
Sep 13 10:48:29 cu-cs-vm kernel: [    0.000000] ACPI: BOOT 0x00000000BFEDDFB0 000028 (v01 PTLTD  $SBFTBL$ 06040000  LTP 00000001)
Sep 13 10:48:29 cu-cs-vm kernel: [    0.000000] ACPI: APIC 0x00000000BFEDD86E 000742 (v01 PTLTD  ? APIC   06040000  LTP 00000000)
Sep 13 10:48:29 cu-cs-vm kernel: [    0.000000] ACPI: MCFG 0x00000000BFEDD832 00003C (v01 PTLTD  $PCITBL$ 06040000  LTP 00000001)
Sep 13 10:48:29 cu-cs-vm kernel: [    0.000000] ACPI: SRAT 0x00000000BFEDC72F 0008D0 (v02 VMWARE MEMPLUG  06040000 VMW  00000001)
Sep 13 10:48:29 cu-cs-vm systemd[1]: Started udev Coldplug all Devices.
Sep 13 10:48:29 cu-cs-vm kernel: [    0.000000] ACPI: WAET 0x00000000BFEDC707 000028 (v01 VMWARE VMW WAET 06040000 VMW  00000001)
Sep 13 10:48:29 cu-cs-vm kernel: [    0.000000] ACPI: Local APIC address 0xfee00000
Sep 13 10:48:29 cu-cs-vm systemd[1]: Started Update UTMP about System Boot/Shutdown.
Sep 13 10:48:29 cu-cs-vm kernel: [    0.000000] system APIC only can use physical flat
Sep 13 10:48:29 cu-cs-vm kernel: [    0.000000] Setting APIC routing to physical flat.
Sep 13 10:48:29 cu-cs-vm kernel: [    0.000000] SRAT: PXM 0 -> APIC 0x00 -> Node 0
Sep 13 10:48:29 cu-cs-vm kernel: [    0.000000] SRAT: PXM 0 -> APIC 0x02 -> Node 0
Sep 13 10:48:29 cu-cs-vm kernel: [    0.000000] SRAT: PXM 0 -> APIC 0x04 -> Node 0
Sep 13 10:48:29 cu-cs-vm kernel: [    0.000000] SRAT: PXM 0 -> APIC 0x06 -> Node 0
Sep 13 10:48:29 cu-cs-vm systemd[1]: Started Enable support for additional executable binary formats.
Sep 13 10:48:29 cu-cs-vm kernel: [    0.000000] SRAT: PXM 0 -> APIC 0x08 -> Node 0
Sep 13 10:48:29 cu-cs-vm kernel: [    0.000000] SRAT: PXM 0 -> APIC 0x0a -> Node 0
Sep 13 10:48:29 cu-cs-vm kernel: [    0.000000] SRAT: PXM 0 -> APIC 0x0c -> Node 0
Sep 13 10:48:29 cu-cs-vm kernel: [    0.000000] SRAT: PXM 0 -> APIC 0x0e -> Node 0
Sep 13 10:48:29 cu-cs-vm apparmor[428]:  * Starting AppArmor profiles
Sep 13 10:48:29 cu-cs-vm kernel: [    0.000000] SRAT: PXM 0 -> APIC 0x10 -> Node 0
Sep 13 10:48:29 cu-cs-vm kernel: [    0.000000] SRAT: PXM 0 -> APIC 0x12 -> Node 0
Sep 13 10:48:29 cu-cs-vm kernel: [    0.000000] SRAT: PXM 0 -> APIC 0x14 -> Node 0
Sep 13 10:48:29 cu-cs-vm kernel: [    0.000000] SRAT: PXM 0 -> APIC 0x16 -> Node 0
Sep 13 10:48:29 cu-cs-vm kernel: [    0.000000] SRAT: PXM 0 -> APIC 0x18 -> Node 0
Sep 13 10:48:29 cu-cs-vm kernel: [    0.000000] SRAT: PXM 0 -> APIC 0x1a -> Node 0
Sep 13 10:48:29 cu-cs-vm kernel: [    0.000000] SRAT: PXM 0 -> APIC 0x1c -> Node 0
Sep 13 10:48:29 cu-cs-vm systemd[1]: Started udev Kernel Device Manager.
Sep 13 10:48:29 cu-cs-vm kernel: [    0.000000] SRAT: PXM 0 -> APIC 0x1e -> Node 0
Sep 13 10:48:29 cu-cs-vm kernel: [    0.000000] SRAT: PXM 0 -> APIC 0x20 -> Node 0
Sep 13 10:48:29 cu-cs-vm kernel: [    0.000000] SRAT: PXM 0 -> APIC 0x22 -> Node 0
Sep 13 10:48:29 cu-cs-vm kernel: [    0.000000] SRAT: PXM 0 -> APIC 0x24 -> Node 0
Sep 13 10:48:29 cu-cs-vm kernel: [    0.000000] SRAT: PXM 0 -> APIC 0x26 -> Node 0
Sep 13 10:48:29 cu-cs-vm kernel: [    0.000000] SRAT: PXM 0 -> APIC 0x28 -> Node 0
Sep 13 10:48:29 cu-cs-vm systemd[1]: Started Dispatch Password Requests to Console Directory Watch.
Sep 13 10:48:29 cu-cs-vm kernel: [    0.000000] SRAT: PXM 0 -> APIC 0x2a -> Node 0
Sep 13 10:48:29 cu-cs-vm kernel: [    0.000000] SRAT: PXM 0 -> APIC 0x2c -> Node 0
Sep 13 10:48:29 cu-cs-vm kernel: [    0.000000] SRAT: PXM 0 -> APIC 0x2e -> Node 0
Sep 13 10:48:29 cu-cs-vm kernel: [    0.000000] SRAT: PXM 0 -> APIC 0x30 -> Node 0
Sep 13 10:48:29 cu-cs-vm systemd[1]: Started Set console font and keymap.
Sep 13 10:48:29 cu-cs-vm kernel: [    0.000000] SRAT: PXM 0 -> APIC 0x32 -> Node 0
Sep 13 10:48:29 cu-cs-vm kernel: [    0.000000] SRAT: PXM 0 -> APIC 0x34 -> Node 0
Sep 13 10:48:29 cu-cs-vm kernel: [    0.000000] SRAT: PXM 0 -> APIC 0x36 -> Node 0
Sep 13 10:48:29 cu-cs-vm kernel: [    0.000000] SRAT: PXM 0 -> APIC 0x38 -> Node 0
Sep 13 10:48:29 cu-cs-vm systemd[1]: Created slice system-getty.slice.
Sep 13 10:48:29 cu-cs-vm kernel: [    0.000000] SRAT: PXM 0 -> APIC 0x3a -> Node 0
Sep 13 10:48:29 cu-cs-vm kernel: [    0.000000] SRAT: PXM 0 -> APIC 0x3c -> Node 0
Sep 13 10:48:29 cu-cs-vm kernel: [    0.000000] SRAT: PXM 0 -> APIC 0x3e -> Node 0
Sep 13 10:48:29 cu-cs-vm kernel: [    0.000000] SRAT: PXM 0 -> APIC 0x40 -> Node 0
Sep 13 10:48:29 cu-cs-vm apparmor[428]: Skipping profile in /etc/apparmor.d/disable: usr.bin.firefox
Sep 13 10:48:29 cu-cs-vm kernel: [    0.000000] SRAT: PXM 0 -> APIC 0x42 -> Node 0
Sep 13 10:48:29 cu-cs-vm kernel: [    0.000000] SRAT: PXM 0 -> APIC 0x44 -> Node 0
Sep 13 10:48:29 cu-cs-vm kernel: [    0.000000] SRAT: PXM 0 -> APIC 0x46 -> Node 0
Sep 13 10:48:29 cu-cs-vm kernel: [    0.000000] SRAT: PXM 0 -> APIC 0x48 -> Node 0
Sep 13 10:48:29 cu-cs-vm kernel: [    0.000000] SRAT: PXM 0 -> APIC 0x4a -> Node 0
Sep 13 10:48:29 cu-cs-vm kernel: [    0.000000] SRAT: PXM 0 -> APIC 0x4c -> Node 0
Sep 13 10:48:29 cu-cs-vm apparmor[428]: Skipping profile in /etc/apparmor.d/disable: usr.sbin.rsyslogd
Sep 13 10:48:29 cu-cs-vm kernel: [    0.000000] SRAT: PXM 0 -> APIC 0x4e -> Node 0
Sep 13 10:48:29 cu-cs-vm kernel: [    0.000000] SRAT: PXM 0 -> APIC 0x50 -> Node 0
Sep 13 10:48:29 cu-cs-vm kernel: [    0.000000] SRAT: PXM 0 -> APIC 0x52 -> Node 0
Sep 13 10:48:29 cu-cs-vm kernel: [    0.000000] SRAT: PXM 0 -> APIC 0x54 -> Node 0
Sep 13 10:48:29 cu-cs-vm kernel: [    0.000000] SRAT: PXM 0 -> APIC 0x56 -> Node 0
Sep 13 10:48:29 cu-cs-vm apparmor[428]:    ...done.
Sep 13 10:48:29 cu-cs-vm kernel: [    0.000000] SRAT: PXM 0 -> APIC 0x58 -> Node 0
Sep 13 10:48:29 cu-cs-vm kernel: [    0.000000] SRAT: PXM 0 -> APIC 0x5a -> Node 0
Sep 13 10:48:29 cu-cs-vm systemd[1]: Started LSB: AppArmor initialization.
Sep 13 10:48:29 cu-cs-vm systemd[1]: Starting Raise network interfaces...
Sep 13 10:48:29 cu-cs-vm systemd[1]: Started Raise network interfaces.
Sep 13 10:48:29 cu-cs-vm mtp-probe: checking bus 2, device 2: "/sys/devices/pci0000:00/0000:00:11.0/0000:02:00.0/usb2/2-1"
Sep 13 10:48:29 cu-cs-vm mtp-probe: bus: 2, device: 2 was not an MTP device
Sep 13 10:48:29 cu-cs-vm systemd[1]: Listening on Load/Save RF Kill Switch Status /dev/rfkill Watch.
Sep 13 10:48:29 cu-cs-vm systemd[1]: Found device VMware_Virtual_S 5.
Sep 13 10:48:29 cu-cs-vm systemd[1]: Activating swap /dev/disk/by-uuid/4f6f25d8-6004-459b-b46c-f0f3c3d0de9b...
Sep 13 10:48:29 cu-cs-vm systemd[1]: Activated swap /dev/disk/by-uuid/4f6f25d8-6004-459b-b46c-f0f3c3d0de9b.
Sep 13 10:48:29 cu-cs-vm systemd[1]: Reached target Swap.
Sep 13 10:48:29 cu-cs-vm systemd[1]: Reached target System Initialization.
Sep 13 10:48:29 cu-cs-vm systemd[1]: Listening on Avahi mDNS/DNS-SD Stack Activation Socket.
Sep 13 10:48:29 cu-cs-vm systemd[1]: Listening on D-Bus System Message Bus Socket.
Sep 13 10:48:29 cu-cs-vm systemd[1]: Listening on CUPS Scheduler.
Sep 13 10:48:29 cu-cs-vm systemd[1]: Listening on UUID daemon activation socket.
Sep 13 10:48:29 cu-cs-vm systemd[1]: Started Daily Cleanup of Temporary Directories.
Sep 13 10:48:29 cu-cs-vm systemd[1]: Starting Socket activation for snappy daemon.
Sep 13 10:48:29 cu-cs-vm systemd[1]: Started CUPS Scheduler.
Sep 13 10:48:29 cu-cs-vm systemd[1]: Started ACPI Events Check.
Sep 13 10:48:29 cu-cs-vm systemd[1]: Reached target Paths.
Sep 13 10:48:29 cu-cs-vm systemd[1]: Listening on ACPID Listen Socket.
Sep 13 10:48:29 cu-cs-vm systemd[1]: Started Daily apt download activities.
Sep 13 10:48:29 cu-cs-vm systemd[1]: Started Daily apt upgrade and clean activities.
Sep 13 10:48:29 cu-cs-vm systemd[1]: Reached target Timers.
Sep 13 10:48:29 cu-cs-vm systemd[1]: Listening on Socket activation for snappy daemon.
Sep 13 10:48:29 cu-cs-vm systemd[1]: Reached target Sockets.
Sep 13 10:48:29 cu-cs-vm systemd[1]: Reached target Basic System.
Sep 13 10:48:29 cu-cs-vm systemd[1]: Starting LSB: Speech Dispatcher...
Sep 13 10:48:29 cu-cs-vm kernel: [    0.000000] SRAT: PXM 0 -> APIC 0x5c -> Node 0
Sep 13 10:48:29 cu-cs-vm kernel: [    0.000000] SRAT: PXM 0 -> APIC 0x5e -> Node 0
Sep 13 10:48:29 cu-cs-vm systemd[1]: Starting Login Service...
Sep 13 10:48:29 cu-cs-vm kernel: [    0.000000] SRAT: PXM 0 -> APIC 0x60 -> Node 0
Sep 13 10:48:29 cu-cs-vm kernel: [    0.000000] SRAT: PXM 0 -> APIC 0x62 -> Node 0
Sep 13 10:48:29 cu-cs-vm kernel: [    0.000000] SRAT: PXM 0 -> APIC 0x64 -> Node 0
Sep 13 10:48:29 cu-cs-vm systemd[1]: Starting LSB: automatic crash report generation...
Sep 13 10:48:29 cu-cs-vm kernel: [    0.000000] SRAT: PXM 0 -> APIC 0x66 -> Node 0
Sep 13 10:48:29 cu-cs-vm kernel: [    0.000000] SRAT: PXM 0 -> APIC 0x68 -> Node 0
Sep 13 10:48:29 cu-cs-vm kernel: [    0.000000] SRAT: PXM 0 -> APIC 0x6a -> Node 0
Sep 13 10:48:29 cu-cs-vm kernel: [    0.000000] SRAT: PXM 0 -> APIC 0x6c -> Node 0
Sep 13 10:48:29 cu-cs-vm kernel: [    0.000000] SRAT: PXM 0 -> APIC 0x6e -> Node 0
Sep 13 10:48:29 cu-cs-vm systemd[1]: Starting LSB: Execute the kexec -e command to reboot system...
Sep 13 10:48:29 cu-cs-vm kernel: [    0.000000] SRAT: PXM 0 -> APIC 0x70 -> Node 0
Sep 13 10:48:29 cu-cs-vm kernel: [    0.000000] SRAT: PXM 0 -> APIC 0x72 -> Node 0
Sep 13 10:48:29 cu-cs-vm kernel: [    0.000000] SRAT: PXM 0 -> APIC 0x74 -> Node 0
Sep 13 10:48:29 cu-cs-vm kernel: [    0.000000] SRAT: PXM 0 -> APIC 0x76 -> Node 0
Sep 13 10:48:29 cu-cs-vm kernel: [    0.000000] SRAT: PXM 0 -> APIC 0x78 -> Node 0
Sep 13 10:48:29 cu-cs-vm kernel: [    0.000000] SRAT: PXM 0 -> APIC 0x7a -> Node 0
Sep 13 10:48:29 cu-cs-vm systemd[1]: Starting Thermal Daemon Service...
Sep 13 10:48:29 cu-cs-vm kernel: [    0.000000] SRAT: PXM 0 -> APIC 0x7c -> Node 0
Sep 13 10:48:29 cu-cs-vm kernel: [    0.000000] SRAT: PXM 0 -> APIC 0x7e -> Node 0
Sep 13 10:48:29 cu-cs-vm kernel: [    0.000000] SRAT: PXM 0 -> APIC 0x80 -> Node 0
Sep 13 10:48:29 cu-cs-vm systemd[1]: Started Run anacron jobs.
Sep 13 10:48:29 cu-cs-vm kernel: [    0.000000] SRAT: PXM 0 -> APIC 0x82 -> Node 0
Sep 13 10:48:29 cu-cs-vm kernel: [    0.000000] SRAT: PXM 0 -> APIC 0x84 -> Node 0
Sep 13 10:48:29 cu-cs-vm kernel: [    0.000000] SRAT: PXM 0 -> APIC 0x86 -> Node 0
Sep 13 10:48:29 cu-cs-vm kernel: [    0.000000] SRAT: PXM 0 -> APIC 0x88 -> Node 0
Sep 13 10:48:29 cu-cs-vm kernel: [    0.000000] SRAT: PXM 0 -> APIC 0x8a -> Node 0
Sep 13 10:48:29 cu-cs-vm kernel: [    0.000000] SRAT: PXM 0 -> APIC 0x8c -> Node 0
Sep 13 10:48:29 cu-cs-vm anacron[809]: Anacron 2.3 started on 2019-09-13
Sep 13 10:48:29 cu-cs-vm kernel: [    0.000000] SRAT: PXM 0 -> APIC 0x8e -> Node 0
Sep 13 10:48:29 cu-cs-vm kernel: [    0.000000] SRAT: PXM 0 -> APIC 0x90 -> Node 0
Sep 13 10:48:29 cu-cs-vm kernel: [    0.000000] SRAT: PXM 0 -> APIC 0x92 -> Node 0
Sep 13 10:48:29 cu-cs-vm systemd[1]: Starting Avahi mDNS/DNS-SD Stack...
Sep 13 10:48:29 cu-cs-vm kernel: [    0.000000] SRAT: PXM 0 -> APIC 0x94 -> Node 0
Sep 13 10:48:29 cu-cs-vm kernel: [    0.000000] SRAT: PXM 0 -> APIC 0x96 -> Node 0
Sep 13 10:48:29 cu-cs-vm kernel: [    0.000000] SRAT: PXM 0 -> APIC 0x98 -> Node 0
Sep 13 10:48:29 cu-cs-vm kernel: [    0.000000] SRAT: PXM 0 -> APIC 0x9a -> Node 0
Sep 13 10:48:29 cu-cs-vm kernel: [    0.000000] SRAT: PXM 0 -> APIC 0x9c -> Node 0
Sep 13 10:48:29 cu-cs-vm anacron[809]: Normal exit (0 jobs run)
Sep 13 10:48:29 cu-cs-vm kernel: [    0.000000] SRAT: PXM 0 -> APIC 0x9e -> Node 0
Sep 13 10:48:29 cu-cs-vm kernel: [    0.000000] SRAT: PXM 0 -> APIC 0xa0 -> Node 0
Sep 13 10:48:29 cu-cs-vm kernel: [    0.000000] SRAT: PXM 0 -> APIC 0xa2 -> Node 0
Sep 13 10:48:29 cu-cs-vm kernel: [    0.000000] SRAT: PXM 0 -> APIC 0xa4 -> Node 0
Sep 13 10:48:29 cu-cs-vm kernel: [    0.000000] SRAT: PXM 0 -> APIC 0xa6 -> Node 0
Sep 13 10:48:29 cu-cs-vm kernel: [    0.000000] SRAT: PXM 0 -> APIC 0xa8 -> Node 0
Sep 13 10:48:29 cu-cs-vm systemd[1]: Starting LSB: daemon to balance interrupts for SMP systems...
Sep 13 10:48:29 cu-cs-vm kernel: [    0.000000] SRAT: PXM 0 -> APIC 0xaa -> Node 0
Sep 13 10:48:29 cu-cs-vm kernel: [    0.000000] SRAT: PXM 0 -> APIC 0xac -> Node 0
Sep 13 10:48:29 cu-cs-vm kernel: [    0.000000] SRAT: PXM 0 -> APIC 0xae -> Node 0
Sep 13 10:48:29 cu-cs-vm kernel: [    0.000000] SRAT: PXM 0 -> APIC 0xb0 -> Node 0
Sep 13 10:48:29 cu-cs-vm systemd[1]: Starting Detect the available GPUs and deal with any system changes...
Sep 13 10:48:29 cu-cs-vm kernel: [    0.000000] SRAT: PXM 0 -> APIC 0xb2 -> Node 0
Sep 13 10:48:29 cu-cs-vm kernel: [    0.000000] SRAT: PXM 0 -> APIC 0xb4 -> Node 0
Sep 13 10:48:29 cu-cs-vm kernel: [    0.000000] SRAT: PXM 0 -> APIC 0xb6 -> Node 0
Sep 13 10:48:29 cu-cs-vm systemd[1]: Starting Initialize hardware monitoring sensors...
Sep 13 10:48:29 cu-cs-vm kernel: [    0.000000] SRAT: PXM 0 -> APIC 0xb8 -> Node 0
Sep 13 10:48:29 cu-cs-vm kernel: [    0.000000] SRAT: PXM 0 -> APIC 0xba -> Node 0
Sep 13 10:48:29 cu-cs-vm kernel: [    0.000000] SRAT: PXM 0 -> APIC 0xbc -> Node 0
Sep 13 10:48:29 cu-cs-vm kernel: [    0.000000] SRAT: PXM 0 -> APIC 0xbe -> Node 0
Sep 13 10:48:29 cu-cs-vm kernel: [    0.000000] SRAT: PXM 0 -> APIC 0xc0 -> Node 0
Sep 13 10:48:29 cu-cs-vm kernel: [    0.000000] SRAT: PXM 0 -> APIC 0xc2 -> Node 0
Sep 13 10:48:29 cu-cs-vm kernel: [    0.000000] SRAT: PXM 0 -> APIC 0xc4 -> Node 0
Sep 13 10:48:29 cu-cs-vm systemd[1]: Starting Restore /etc/resolv.conf if the system crashed before the ppp link was shut down...
Sep 13 10:48:29 cu-cs-vm kernel: [    0.000000] SRAT: PXM 0 -> APIC 0xc6 -> Node 0
Sep 13 10:48:29 cu-cs-vm kernel: [    0.000000] SRAT: PXM 0 -> APIC 0xc8 -> Node 0
Sep 13 10:48:29 cu-cs-vm kernel: [    0.000000] SRAT: PXM 0 -> APIC 0xca -> Node 0
Sep 13 10:48:29 cu-cs-vm kernel: [    0.000000] SRAT: PXM 0 -> APIC 0xcc -> Node 0
Sep 13 10:48:29 cu-cs-vm systemd[1]: Starting System Logging Service...
Sep 13 10:48:29 cu-cs-vm kernel: [    0.000000] SRAT: PXM 0 -> APIC 0xce -> Node 0
Sep 13 10:48:29 cu-cs-vm kernel: [    0.000000] SRAT: PXM 0 -> APIC 0xd0 -> Node 0
Sep 13 10:48:29 cu-cs-vm kernel: [    0.000000] SRAT: PXM 0 -> APIC 0xd2 -> Node 0
Sep 13 10:48:29 cu-cs-vm kernel: [    0.000000] SRAT: PXM 0 -> APIC 0xd4 -> Node 0
Sep 13 10:48:29 cu-cs-vm kernel: [    0.000000] SRAT: PXM 0 -> APIC 0xd6 -> Node 0
Sep 13 10:48:29 cu-cs-vm sensors[819]: No sensors found!
Sep 13 10:48:29 cu-cs-vm sensors[819]: Make sure you loaded all the kernel drivers you need.
Sep 13 10:48:29 cu-cs-vm sensors[819]: Try sensors-detect to find out which these are.
Sep 13 10:48:29 cu-cs-vm kernel: [    0.000000] SRAT: PXM 0 -> APIC 0xd8 -> Node 0
Sep 13 10:48:29 cu-cs-vm kernel: [    0.000000] SRAT: PXM 0 -> APIC 0xda -> Node 0
Sep 13 10:48:29 cu-cs-vm kernel: [    0.000000] SRAT: PXM 0 -> APIC 0xdc -> Node 0
Sep 13 10:48:29 cu-cs-vm kernel: [    0.000000] SRAT: PXM 0 -> APIC 0xde -> Node 0
Sep 13 10:48:29 cu-cs-vm kernel: [    0.000000] SRAT: PXM 0 -> APIC 0xe0 -> Node 0
Sep 13 10:48:29 cu-cs-vm kernel: [    0.000000] SRAT: PXM 0 -> APIC 0xe2 -> Node 0
Sep 13 10:48:29 cu-cs-vm gpu-manager[817]: /etc/modprobe.d is not a file
Sep 13 10:48:29 cu-cs-vm kernel: [    0.000000] SRAT: PXM 0 -> APIC 0xe4 -> Node 0
Sep 13 10:48:29 cu-cs-vm kernel: [    0.000000] SRAT: PXM 0 -> APIC 0xe6 -> Node 0
Sep 13 10:48:29 cu-cs-vm kernel: [    0.000000] SRAT: PXM 0 -> APIC 0xe8 -> Node 0
Sep 13 10:48:29 cu-cs-vm kernel: [    0.000000] SRAT: PXM 0 -> APIC 0xea -> Node 0
Sep 13 10:48:29 cu-cs-vm kernel: [    0.000000] SRAT: PXM 0 -> APIC 0xec -> Node 0
Sep 13 10:48:29 cu-cs-vm kernel: [    0.000000] SRAT: PXM 0 -> APIC 0xee -> Node 0
Sep 13 10:48:29 cu-cs-vm gpu-manager[817]: message repeated 4 times: [ /etc/modprobe.d is not a file]
Sep 13 10:48:29 cu-cs-vm gpu-manager[817]: Error: can't open /lib/modules/4.15.0-33-generic/updates/dkms
Sep 13 10:48:29 cu-cs-vm kernel: [    0.000000] SRAT: PXM 0 -> APIC 0xf0 -> Node 0
Sep 13 10:48:29 cu-cs-vm kernel: [    0.000000] SRAT: PXM 0 -> APIC 0xf2 -> Node 0
Sep 13 10:48:29 cu-cs-vm kernel: [    0.000000] SRAT: PXM 0 -> APIC 0xf4 -> Node 0
Sep 13 10:48:29 cu-cs-vm kernel: [    0.000000] SRAT: PXM 0 -> APIC 0xf6 -> Node 0
Sep 13 10:48:29 cu-cs-vm kernel: [    0.000000] SRAT: PXM 0 -> APIC 0xf8 -> Node 0
Sep 13 10:48:29 cu-cs-vm kernel: [    0.000000] SRAT: PXM 0 -> APIC 0xfa -> Node 0
Sep 13 10:48:29 cu-cs-vm gpu-manager[817]: Error: can't open /lib/modules/4.15.0-33-generic/updates/dkms
Sep 13 10:48:29 cu-cs-vm systemd[1]: Started Regular background program processing daemon.
Sep 13 10:48:29 cu-cs-vm avahi-daemon[813]: Found user 'avahi' (UID 111) and group 'avahi' (GID 120).
Sep 13 10:48:29 cu-cs-vm avahi-daemon[813]: Successfully dropped root privileges.
Sep 13 10:48:29 cu-cs-vm kernel: [    0.000000] SRAT: PXM 0 -> APIC 0xfc -> Node 0
Sep 13 10:48:29 cu-cs-vm kernel: [    0.000000] SRAT: PXM 0 -> APIC 0xfe -> Node 0
Sep 13 10:48:29 cu-cs-vm kernel: [    0.000000] ACPI: SRAT: Node 0 PXM 0 [mem 0x00000000-0x0009ffff]
Sep 13 10:48:29 cu-cs-vm kernel: [    0.000000] ACPI: SRAT: Node 0 PXM 0 [mem 0x00100000-0xbfffffff]
Sep 13 10:48:29 cu-cs-vm kernel: [    0.000000] ACPI: SRAT: Node 0 PXM 0 [mem 0x100000000-0x13fffffff]
Sep 13 10:48:29 cu-cs-vm kernel: [    0.000000] ACPI: SRAT: Node 0 PXM 0 [mem 0x140000000-0x103fffffff] hotplug
Sep 13 10:48:29 cu-cs-vm kernel: [    0.000000] NUMA: Node 0 [mem 0x00000000-0x0009ffff] + [mem 0x00100000-0xbfffffff] -> [mem 0x00000000-0xbfffffff]
Sep 13 10:48:29 cu-cs-vm kernel: [    0.000000] NUMA: Node 0 [mem 0x00000000-0xbfffffff] + [mem 0x100000000-0x13fffffff] -> [mem 0x00000000-0x13fffffff]
Sep 13 10:48:29 cu-cs-vm kernel: [    0.000000] NODE_DATA(0) allocated [mem 0x13ffd3000-0x13fffdfff]
Sep 13 10:48:29 cu-cs-vm kernel: [    0.000000] Zone ranges:
Sep 13 10:48:29 cu-cs-vm kernel: [    0.000000]   DMA      [mem 0x0000000000001000-0x0000000000ffffff]
Sep 13 10:48:29 cu-cs-vm kernel: [    0.000000]   DMA32    [mem 0x0000000001000000-0x00000000ffffffff]
Sep 13 10:48:29 cu-cs-vm kernel: [    0.000000]   Normal   [mem 0x0000000100000000-0x000000013fffffff]
Sep 13 10:48:29 cu-cs-vm kernel: [    0.000000]   Device   empty
Sep 13 10:48:29 cu-cs-vm kernel: [    0.000000] Movable zone start for each node
Sep 13 10:48:29 cu-cs-vm kernel: [    0.000000] Early memory node ranges
Sep 13 10:48:29 cu-cs-vm kernel: [    0.000000]   node   0: [mem 0x0000000000001000-0x000000000009dfff]
Sep 13 10:48:29 cu-cs-vm kernel: [    0.000000]   node   0: [mem 0x0000000000100000-0x00000000bfecffff]
Sep 13 10:48:29 cu-cs-vm kernel: [    0.000000]   node   0: [mem 0x00000000bff00000-0x00000000bfffffff]
Sep 13 10:48:29 cu-cs-vm kernel: [    0.000000]   node   0: [mem 0x0000000100000000-0x000000013fffffff]
Sep 13 10:48:29 cu-cs-vm kernel: [    0.000000] Initmem setup node 0 [mem 0x0000000000001000-0x000000013fffffff]
Sep 13 10:48:29 cu-cs-vm kernel: [    0.000000] On node 0 totalpages: 1048429
Sep 13 10:48:29 cu-cs-vm kernel: [    0.000000]   DMA zone: 64 pages used for memmap
Sep 13 10:48:29 cu-cs-vm kernel: [    0.000000]   DMA zone: 21 pages reserved
Sep 13 10:48:29 cu-cs-vm kernel: [    0.000000]   DMA zone: 3997 pages, LIFO batch:0
Sep 13 10:48:29 cu-cs-vm kernel: [    0.000000]   DMA32 zone: 12224 pages used for memmap
Sep 13 10:48:29 cu-cs-vm kernel: [    0.000000]   DMA32 zone: 782288 pages, LIFO batch:31
Sep 13 10:48:29 cu-cs-vm kernel: [    0.000000]   Normal zone: 4096 pages used for memmap
Sep 13 10:48:29 cu-cs-vm kernel: [    0.000000]   Normal zone: 262144 pages, LIFO batch:31
Sep 13 10:48:29 cu-cs-vm kernel: [    0.000000] Reserved but unavailable: 99 pages
Sep 13 10:48:29 cu-cs-vm kernel: [    0.000000] ACPI: PM-Timer IO Port: 0x1008
Sep 13 10:48:29 cu-cs-vm kernel: [    0.000000] ACPI: Local APIC address 0xfee00000
Sep 13 10:48:29 cu-cs-vm kernel: [    0.000000] system APIC only can use physical flat
Sep 13 10:48:29 cu-cs-vm kernel: [    0.000000] ACPI: LAPIC_NMI (acpi_id[0x00] high edge lint[0x1])
Sep 13 10:48:29 cu-cs-vm kernel: [    0.000000] ACPI: LAPIC_NMI (acpi_id[0x01] high edge lint[0x1])
Sep 13 10:48:29 cu-cs-vm kernel: [    0.000000] ACPI: LAPIC_NMI (acpi_id[0x02] high edge lint[0x1])
Sep 13 10:48:29 cu-cs-vm kernel: [    0.000000] ACPI: LAPIC_NMI (acpi_id[0x03] high edge lint[0x1])
Sep 13 10:48:29 cu-cs-vm kernel: [    0.000000] ACPI: LAPIC_NMI (acpi_id[0x04] high edge lint[0x1])
Sep 13 10:48:29 cu-cs-vm kernel: [    0.000000] ACPI: LAPIC_NMI (acpi_id[0x05] high edge lint[0x1])
Sep 13 10:48:29 cu-cs-vm kernel: [    0.000000] ACPI: LAPIC_NMI (acpi_id[0x06] high edge lint[0x1])
Sep 13 10:48:29 cu-cs-vm kernel: [    0.000000] ACPI: LAPIC_NMI (acpi_id[0x07] high edge lint[0x1])
Sep 13 10:48:29 cu-cs-vm kernel: [    0.000000] ACPI: LAPIC_NMI (acpi_id[0x08] high edge lint[0x1])
Sep 13 10:48:29 cu-cs-vm kernel: [    0.000000] ACPI: LAPIC_NMI (acpi_id[0x09] high edge lint[0x1])
Sep 13 10:48:29 cu-cs-vm kernel: [    0.000000] ACPI: LAPIC_NMI (acpi_id[0x0a] high edge lint[0x1])
Sep 13 10:48:29 cu-cs-vm kernel: [    0.000000] ACPI: LAPIC_NMI (acpi_id[0x0b] high edge lint[0x1])
Sep 13 10:48:29 cu-cs-vm kernel: [    0.000000] ACPI: LAPIC_NMI (acpi_id[0x0c] high edge lint[0x1])
Sep 13 10:48:29 cu-cs-vm kernel: [    0.000000] ACPI: LAPIC_NMI (acpi_id[0x0d] high edge lint[0x1])
Sep 13 10:48:29 cu-cs-vm kernel: [    0.000000] ACPI: LAPIC_NMI (acpi_id[0x0e] high edge lint[0x1])
Sep 13 10:48:29 cu-cs-vm kernel: [    0.000000] ACPI: LAPIC_NMI (acpi_id[0x0f] high edge lint[0x1])
Sep 13 10:48:29 cu-cs-vm kernel: [    0.000000] ACPI: LAPIC_NMI (acpi_id[0x10] high edge lint[0x1])
Sep 13 10:48:29 cu-cs-vm kernel: [    0.000000] ACPI: LAPIC_NMI (acpi_id[0x11] high edge lint[0x1])
Sep 13 10:48:29 cu-cs-vm kernel: [    0.000000] ACPI: LAPIC_NMI (acpi_id[0x12] high edge lint[0x1])
Sep 13 10:48:29 cu-cs-vm kernel: [    0.000000] ACPI: LAPIC_NMI (acpi_id[0x13] high edge lint[0x1])
Sep 13 10:48:29 cu-cs-vm kernel: [    0.000000] ACPI: LAPIC_NMI (acpi_id[0x14] high edge lint[0x1])
Sep 13 10:48:29 cu-cs-vm kernel: [    0.000000] ACPI: LAPIC_NMI (acpi_id[0x15] high edge lint[0x1])
Sep 13 10:48:29 cu-cs-vm kernel: [    0.000000] ACPI: LAPIC_NMI (acpi_id[0x16] high edge lint[0x1])
Sep 13 10:48:29 cu-cs-vm kernel: [    0.000000] ACPI: LAPIC_NMI (acpi_id[0x17] high edge lint[0x1])
Sep 13 10:48:29 cu-cs-vm kernel: [    0.000000] ACPI: LAPIC_NMI (acpi_id[0x18] high edge lint[0x1])
Sep 13 10:48:29 cu-cs-vm kernel: [    0.000000] ACPI: LAPIC_NMI (acpi_id[0x19] high edge lint[0x1])
Sep 13 10:48:29 cu-cs-vm kernel: [    0.000000] ACPI: LAPIC_NMI (acpi_id[0x1a] high edge lint[0x1])
Sep 13 10:48:29 cu-cs-vm kernel: [    0.000000] ACPI: LAPIC_NMI (acpi_id[0x1b] high edge lint[0x1])
Sep 13 10:48:29 cu-cs-vm kernel: [    0.000000] ACPI: LAPIC_NMI (acpi_id[0x1c] high edge lint[0x1])
Sep 13 10:48:29 cu-cs-vm kernel: [    0.000000] ACPI: LAPIC_NMI (acpi_id[0x1d] high edge lint[0x1])
Sep 13 10:48:29 cu-cs-vm kernel: [    0.000000] ACPI: LAPIC_NMI (acpi_id[0x1e] high edge lint[0x1])
Sep 13 10:48:29 cu-cs-vm kernel: [    0.000000] ACPI: LAPIC_NMI (acpi_id[0x1f] high edge lint[0x1])
Sep 13 10:48:29 cu-cs-vm kernel: [    0.000000] ACPI: LAPIC_NMI (acpi_id[0x20] high edge lint[0x1])
Sep 13 10:48:29 cu-cs-vm kernel: [    0.000000] ACPI: LAPIC_NMI (acpi_id[0x21] high edge lint[0x1])
Sep 13 10:48:29 cu-cs-vm kernel: [    0.000000] ACPI: LAPIC_NMI (acpi_id[0x22] high edge lint[0x1])
Sep 13 10:48:29 cu-cs-vm kernel: [    0.000000] ACPI: LAPIC_NMI (acpi_id[0x23] high edge lint[0x1])
Sep 13 10:48:29 cu-cs-vm kernel: [    0.000000] ACPI: LAPIC_NMI (acpi_id[0x24] high edge lint[0x1])
Sep 13 10:48:29 cu-cs-vm kernel: [    0.000000] ACPI: LAPIC_NMI (acpi_id[0x25] high edge lint[0x1])
Sep 13 10:48:29 cu-cs-vm kernel: [    0.000000] ACPI: LAPIC_NMI (acpi_id[0x26] high edge lint[0x1])
Sep 13 10:48:29 cu-cs-vm kernel: [    0.000000] ACPI: LAPIC_NMI (acpi_id[0x27] high edge lint[0x1])
Sep 13 10:48:29 cu-cs-vm kernel: [    0.000000] ACPI: LAPIC_NMI (acpi_id[0x28] high edge lint[0x1])
Sep 13 10:48:29 cu-cs-vm kernel: [    0.000000] ACPI: LAPIC_NMI (acpi_id[0x29] high edge lint[0x1])
Sep 13 10:48:29 cu-cs-vm kernel: [    0.000000] ACPI: LAPIC_NMI (acpi_id[0x2a] high edge lint[0x1])
Sep 13 10:48:29 cu-cs-vm kernel: [    0.000000] ACPI: LAPIC_NMI (acpi_id[0x2b] high edge lint[0x1])
Sep 13 10:48:29 cu-cs-vm kernel: [    0.000000] ACPI: LAPIC_NMI (acpi_id[0x2c] high edge lint[0x1])
Sep 13 10:48:29 cu-cs-vm kernel: [    0.000000] ACPI: LAPIC_NMI (acpi_id[0x2d] high edge lint[0x1])
Sep 13 10:48:29 cu-cs-vm kernel: [    0.000000] ACPI: LAPIC_NMI (acpi_id[0x2e] high edge lint[0x1])
Sep 13 10:48:29 cu-cs-vm kernel: [    0.000000] ACPI: LAPIC_NMI (acpi_id[0x2f] high edge lint[0x1])
Sep 13 10:48:29 cu-cs-vm kernel: [    0.000000] ACPI: LAPIC_NMI (acpi_id[0x30] high edge lint[0x1])
Sep 13 10:48:29 cu-cs-vm kernel: [    0.000000] ACPI: LAPIC_NMI (acpi_id[0x31] high edge lint[0x1])
Sep 13 10:48:29 cu-cs-vm kernel: [    0.000000] ACPI: LAPIC_NMI (acpi_id[0x32] high edge lint[0x1])
Sep 13 10:48:29 cu-cs-vm kernel: [    0.000000] ACPI: LAPIC_NMI (acpi_id[0x33] high edge lint[0x1])
Sep 13 10:48:29 cu-cs-vm kernel: [    0.000000] ACPI: LAPIC_NMI (acpi_id[0x34] high edge lint[0x1])
Sep 13 10:48:29 cu-cs-vm kernel: [    0.000000] ACPI: LAPIC_NMI (acpi_id[0x35] high edge lint[0x1])
Sep 13 10:48:29 cu-cs-vm kernel: [    0.000000] ACPI: LAPIC_NMI (acpi_id[0x36] high edge lint[0x1])
Sep 13 10:48:29 cu-cs-vm kernel: [    0.000000] ACPI: LAPIC_NMI (acpi_id[0x37] high edge lint[0x1])
Sep 13 10:48:29 cu-cs-vm kernel: [    0.000000] ACPI: LAPIC_NMI (acpi_id[0x38] high edge lint[0x1])
Sep 13 10:48:29 cu-cs-vm kernel: [    0.000000] ACPI: LAPIC_NMI (acpi_id[0x39] high edge lint[0x1])
Sep 13 10:48:29 cu-cs-vm kernel: [    0.000000] ACPI: LAPIC_NMI (acpi_id[0x3a] high edge lint[0x1])
Sep 13 10:48:29 cu-cs-vm kernel: [    0.000000] ACPI: LAPIC_NMI (acpi_id[0x3b] high edge lint[0x1])
Sep 13 10:48:29 cu-cs-vm kernel: [    0.000000] ACPI: LAPIC_NMI (acpi_id[0x3c] high edge lint[0x1])
Sep 13 10:48:29 cu-cs-vm kernel: [    0.000000] ACPI: LAPIC_NMI (acpi_id[0x3d] high edge lint[0x1])
Sep 13 10:48:29 cu-cs-vm kernel: [    0.000000] ACPI: LAPIC_NMI (acpi_id[0x3e] high edge lint[0x1])
Sep 13 10:48:29 cu-cs-vm kernel: [    0.000000] ACPI: LAPIC_NMI (acpi_id[0x3f] high edge lint[0x1])
Sep 13 10:48:29 cu-cs-vm kernel: [    0.000000] ACPI: LAPIC_NMI (acpi_id[0x40] high edge lint[0x1])
Sep 13 10:48:29 cu-cs-vm kernel: [    0.000000] ACPI: LAPIC_NMI (acpi_id[0x41] high edge lint[0x1])
Sep 13 10:48:29 cu-cs-vm kernel: [    0.000000] ACPI: LAPIC_NMI (acpi_id[0x42] high edge lint[0x1])
Sep 13 10:48:29 cu-cs-vm kernel: [    0.000000] ACPI: LAPIC_NMI (acpi_id[0x43] high edge lint[0x1])
Sep 13 10:48:29 cu-cs-vm kernel: [    0.000000] ACPI: LAPIC_NMI (acpi_id[0x44] high edge lint[0x1])
Sep 13 10:48:29 cu-cs-vm kernel: [    0.000000] ACPI: LAPIC_NMI (acpi_id[0x45] high edge lint[0x1])
Sep 13 10:48:29 cu-cs-vm kernel: [    0.000000] ACPI: LAPIC_NMI (acpi_id[0x46] high edge lint[0x1])
Sep 13 10:48:29 cu-cs-vm kernel: [    0.000000] ACPI: LAPIC_NMI (acpi_id[0x47] high edge lint[0x1])
Sep 13 10:48:29 cu-cs-vm kernel: [    0.000000] ACPI: LAPIC_NMI (acpi_id[0x48] high edge lint[0x1])
Sep 13 10:48:29 cu-cs-vm kernel: [    0.000000] ACPI: LAPIC_NMI (acpi_id[0x49] high edge lint[0x1])
Sep 13 10:48:29 cu-cs-vm kernel: [    0.000000] ACPI: LAPIC_NMI (acpi_id[0x4a] high edge lint[0x1])
Sep 13 10:48:29 cu-cs-vm kernel: [    0.000000] ACPI: LAPIC_NMI (acpi_id[0x4b] high edge lint[0x1])
Sep 13 10:48:29 cu-cs-vm kernel: [    0.000000] ACPI: LAPIC_NMI (acpi_id[0x4c] high edge lint[0x1])
Sep 13 10:48:29 cu-cs-vm kernel: [    0.000000] ACPI: LAPIC_NMI (acpi_id[0x4d] high edge lint[0x1])
Sep 13 10:48:29 cu-cs-vm kernel: [    0.000000] ACPI: LAPIC_NMI (acpi_id[0x4e] high edge lint[0x1])
Sep 13 10:48:29 cu-cs-vm kernel: [    0.000000] ACPI: LAPIC_NMI (acpi_id[0x4f] high edge lint[0x1])
Sep 13 10:48:29 cu-cs-vm kernel: [    0.000000] ACPI: LAPIC_NMI (acpi_id[0x50] high edge lint[0x1])
Sep 13 10:48:29 cu-cs-vm kernel: [    0.000000] ACPI: LAPIC_NMI (acpi_id[0x51] high edge lint[0x1])
Sep 13 10:48:29 cu-cs-vm kernel: [    0.000000] ACPI: LAPIC_NMI (acpi_id[0x52] high edge lint[0x1])
Sep 13 10:48:29 cu-cs-vm kernel: [    0.000000] ACPI: LAPIC_NMI (acpi_id[0x53] high edge lint[0x1])
Sep 13 10:48:29 cu-cs-vm kernel: [    0.000000] ACPI: LAPIC_NMI (acpi_id[0x54] high edge lint[0x1])
Sep 13 10:48:29 cu-cs-vm kernel: [    0.000000] ACPI: LAPIC_NMI (acpi_id[0x55] high edge lint[0x1])
Sep 13 10:48:29 cu-cs-vm kernel: [    0.000000] ACPI: LAPIC_NMI (acpi_id[0x56] high edge lint[0x1])
Sep 13 10:48:29 cu-cs-vm kernel: [    0.000000] ACPI: LAPIC_NMI (acpi_id[0x57] high edge lint[0x1])
Sep 13 10:48:29 cu-cs-vm kernel: [    0.000000] ACPI: LAPIC_NMI (acpi_id[0x58] high edge lint[0x1])
Sep 13 10:48:29 cu-cs-vm kernel: [    0.000000] ACPI: LAPIC_NMI (acpi_id[0x59] high edge lint[0x1])
Sep 13 10:48:29 cu-cs-vm kernel: [    0.000000] ACPI: LAPIC_NMI (acpi_id[0x5a] high edge lint[0x1])
Sep 13 10:48:29 cu-cs-vm kernel: [    0.000000] ACPI: LAPIC_NMI (acpi_id[0x5b] high edge lint[0x1])
Sep 13 10:48:29 cu-cs-vm kernel: [    0.000000] ACPI: LAPIC_NMI (acpi_id[0x5c] high edge lint[0x1])
Sep 13 10:48:29 cu-cs-vm kernel: [    0.000000] ACPI: LAPIC_NMI (acpi_id[0x5d] high edge lint[0x1])
Sep 13 10:48:29 cu-cs-vm kernel: [    0.000000] ACPI: LAPIC_NMI (acpi_id[0x5e] high edge lint[0x1])
Sep 13 10:48:29 cu-cs-vm kernel: [    0.000000] ACPI: LAPIC_NMI (acpi_id[0x5f] high edge lint[0x1])
Sep 13 10:48:29 cu-cs-vm kernel: [    0.000000] ACPI: LAPIC_NMI (acpi_id[0x60] high edge lint[0x1])
Sep 13 10:48:29 cu-cs-vm kernel: [    0.000000] ACPI: LAPIC_NMI (acpi_id[0x61] high edge lint[0x1])
Sep 13 10:48:29 cu-cs-vm kernel: [    0.000000] ACPI: LAPIC_NMI (acpi_id[0x62] high edge lint[0x1])
Sep 13 10:48:29 cu-cs-vm kernel: [    0.000000] ACPI: LAPIC_NMI (acpi_id[0x63] high edge lint[0x1])
Sep 13 10:48:29 cu-cs-vm kernel: [    0.000000] ACPI: LAPIC_NMI (acpi_id[0x64] high edge lint[0x1])
Sep 13 10:48:29 cu-cs-vm kernel: [    0.000000] ACPI: LAPIC_NMI (acpi_id[0x65] high edge lint[0x1])
Sep 13 10:48:29 cu-cs-vm kernel: [    0.000000] ACPI: LAPIC_NMI (acpi_id[0x66] high edge lint[0x1])
Sep 13 10:48:29 cu-cs-vm kernel: [    0.000000] ACPI: LAPIC_NMI (acpi_id[0x67] high edge lint[0x1])
Sep 13 10:48:29 cu-cs-vm kernel: [    0.000000] ACPI: LAPIC_NMI (acpi_id[0x68] high edge lint[0x1])
Sep 13 10:48:29 cu-cs-vm kernel: [    0.000000] ACPI: LAPIC_NMI (acpi_id[0x69] high edge lint[0x1])
Sep 13 10:48:29 cu-cs-vm kernel: [    0.000000] ACPI: LAPIC_NMI (acpi_id[0x6a] high edge lint[0x1])
Sep 13 10:48:29 cu-cs-vm kernel: [    0.000000] ACPI: LAPIC_NMI (acpi_id[0x6b] high edge lint[0x1])
Sep 13 10:48:29 cu-cs-vm kernel: [    0.000000] ACPI: LAPIC_NMI (acpi_id[0x6c] high edge lint[0x1])
Sep 13 10:48:29 cu-cs-vm kernel: [    0.000000] ACPI: LAPIC_NMI (acpi_id[0x6d] high edge lint[0x1])
Sep 13 10:48:29 cu-cs-vm kernel: [    0.000000] ACPI: LAPIC_NMI (acpi_id[0x6e] high edge lint[0x1])
Sep 13 10:48:29 cu-cs-vm kernel: [    0.000000] ACPI: LAPIC_NMI (acpi_id[0x6f] high edge lint[0x1])
Sep 13 10:48:29 cu-cs-vm kernel: [    0.000000] ACPI: LAPIC_NMI (acpi_id[0x70] high edge lint[0x1])
Sep 13 10:48:29 cu-cs-vm kernel: [    0.000000] ACPI: LAPIC_NMI (acpi_id[0x71] high edge lint[0x1])
Sep 13 10:48:29 cu-cs-vm kernel: [    0.000000] ACPI: LAPIC_NMI (acpi_id[0x72] high edge lint[0x1])
Sep 13 10:48:29 cu-cs-vm kernel: [    0.000000] ACPI: LAPIC_NMI (acpi_id[0x73] high edge lint[0x1])
Sep 13 10:48:29 cu-cs-vm kernel: [    0.000000] ACPI: LAPIC_NMI (acpi_id[0x74] high edge lint[0x1])
Sep 13 10:48:29 cu-cs-vm kernel: [    0.000000] ACPI: LAPIC_NMI (acpi_id[0x75] high edge lint[0x1])
Sep 13 10:48:29 cu-cs-vm kernel: [    0.000000] ACPI: LAPIC_NMI (acpi_id[0x76] high edge lint[0x1])
Sep 13 10:48:29 cu-cs-vm kernel: [    0.000000] ACPI: LAPIC_NMI (acpi_id[0x77] high edge lint[0x1])
Sep 13 10:48:29 cu-cs-vm kernel: [    0.000000] ACPI: LAPIC_NMI (acpi_id[0x78] high edge lint[0x1])
Sep 13 10:48:29 cu-cs-vm kernel: [    0.000000] ACPI: LAPIC_NMI (acpi_id[0x79] high edge lint[0x1])
Sep 13 10:48:29 cu-cs-vm kernel: [    0.000000] ACPI: LAPIC_NMI (acpi_id[0x7a] high edge lint[0x1])
Sep 13 10:48:29 cu-cs-vm kernel: [    0.000000] ACPI: LAPIC_NMI (acpi_id[0x7b] high edge lint[0x1])
Sep 13 10:48:29 cu-cs-vm kernel: [    0.000000] ACPI: LAPIC_NMI (acpi_id[0x7c] high edge lint[0x1])
Sep 13 10:48:29 cu-cs-vm kernel: [    0.000000] ACPI: LAPIC_NMI (acpi_id[0x7d] high edge lint[0x1])
Sep 13 10:48:29 cu-cs-vm kernel: [    0.000000] ACPI: LAPIC_NMI (acpi_id[0x7e] high edge lint[0x1])
Sep 13 10:48:29 cu-cs-vm kernel: [    0.000000] ACPI: LAPIC_NMI (acpi_id[0x7f] high edge lint[0x1])
Sep 13 10:48:29 cu-cs-vm kernel: [    0.000000] IOAPIC[0]: apic_id 1, version 17, address 0xfec00000, GSI 0-23
Sep 13 10:48:29 cu-cs-vm kernel: [    0.000000] ACPI: INT_SRC_OVR (bus 0 bus_irq 0 global_irq 2 high edge)
Sep 13 10:48:29 cu-cs-vm kernel: [    0.000000] ACPI: IRQ0 used by override.
Sep 13 10:48:29 cu-cs-vm kernel: [    0.000000] ACPI: IRQ9 used by override.
Sep 13 10:48:29 cu-cs-vm kernel: [    0.000000] Using ACPI (MADT) for SMP configuration information
Sep 13 10:48:29 cu-cs-vm kernel: [    0.000000] smpboot: Allowing 128 CPUs, 126 hotplug CPUs
Sep 13 10:48:29 cu-cs-vm kernel: [    0.000000] PM: Registered nosave memory: [mem 0x00000000-0x00000fff]
Sep 13 10:48:29 cu-cs-vm kernel: [    0.000000] PM: Registered nosave memory: [mem 0x0009e000-0x0009efff]
Sep 13 10:48:29 cu-cs-vm kernel: [    0.000000] PM: Registered nosave memory: [mem 0x0009f000-0x0009ffff]
Sep 13 10:48:29 cu-cs-vm kernel: [    0.000000] PM: Registered nosave memory: [mem 0x000a0000-0x000dbfff]
Sep 13 10:48:29 cu-cs-vm kernel: [    0.000000] PM: Registered nosave memory: [mem 0x000dc000-0x000fffff]
Sep 13 10:48:29 cu-cs-vm kernel: [    0.000000] PM: Registered nosave memory: [mem 0xbfed0000-0xbfefefff]
Sep 13 10:48:29 cu-cs-vm kernel: [    0.000000] PM: Registered nosave memory: [mem 0xbfeff000-0xbfefffff]
Sep 13 10:48:29 cu-cs-vm kernel: [    0.000000] PM: Registered nosave memory: [mem 0xc0000000-0xefffffff]
Sep 13 10:48:29 cu-cs-vm kernel: [    0.000000] PM: Registered nosave memory: [mem 0xf0000000-0xf7ffffff]
Sep 13 10:48:29 cu-cs-vm kernel: [    0.000000] PM: Registered nosave memory: [mem 0xf8000000-0xfebfffff]
Sep 13 10:48:29 cu-cs-vm kernel: [    0.000000] PM: Registered nosave memory: [mem 0xfec00000-0xfec0ffff]
Sep 13 10:48:29 cu-cs-vm kernel: [    0.000000] PM: Registered nosave memory: [mem 0xfec10000-0xfedfffff]
Sep 13 10:48:29 cu-cs-vm kernel: [    0.000000] PM: Registered nosave memory: [mem 0xfee00000-0xfee00fff]
Sep 13 10:48:29 cu-cs-vm kernel: [    0.000000] PM: Registered nosave memory: [mem 0xfee01000-0xfffdffff]
Sep 13 10:48:29 cu-cs-vm kernel: [    0.000000] PM: Registered nosave memory: [mem 0xfffe0000-0xffffffff]
Sep 13 10:48:29 cu-cs-vm kernel: [    0.000000] e820: [mem 0xc0000000-0xefffffff] available for PCI devices
Sep 13 10:48:29 cu-cs-vm kernel: [    0.000000] Booting paravirtualized kernel on VMware hypervisor
Sep 13 10:48:29 cu-cs-vm kernel: [    0.000000] clocksource: refined-jiffies: mask: 0xffffffff max_cycles: 0xffffffff, max_idle_ns: 7645519600211568 ns
Sep 13 10:48:29 cu-cs-vm kernel: [    0.000000] random: get_random_bytes called from start_kernel+0x99/0x51b with crng_init=0
Sep 13 10:48:29 cu-cs-vm kernel: [    0.000000] setup_percpu: NR_CPUS:8192 nr_cpumask_bits:128 nr_cpu_ids:128 nr_node_ids:1
Sep 13 10:48:29 cu-cs-vm kernel: [    0.000000] percpu: Embedded 46 pages/cpu @        (ptrval) s151552 r8192 d28672 u262144
Sep 13 10:48:29 cu-cs-vm kernel: [    0.000000] pcpu-alloc: s151552 r8192 d28672 u262144 alloc=1*2097152
Sep 13 10:48:29 cu-cs-vm kernel: [    0.000000] pcpu-alloc: [0] 000 001 002 003 004 005 006 007 
Sep 13 10:48:29 cu-cs-vm kernel: [    0.000000] pcpu-alloc: [0] 008 009 010 011 012 013 014 015 
Sep 13 10:48:29 cu-cs-vm kernel: [    0.000000] pcpu-alloc: [0] 016 017 018 019 020 021 022 023 
Sep 13 10:48:29 cu-cs-vm kernel: [    0.000000] pcpu-alloc: [0] 024 025 026 027 028 029 030 031 
Sep 13 10:48:29 cu-cs-vm kernel: [    0.000000] pcpu-alloc: [0] 032 033 034 035 036 037 038 039 
Sep 13 10:48:29 cu-cs-vm kernel: [    0.000000] pcpu-alloc: [0] 040 041 042 043 044 045 046 047 
Sep 13 10:48:29 cu-cs-vm kernel: [    0.000000] pcpu-alloc: [0] 048 049 050 051 052 053 054 055 
Sep 13 10:48:29 cu-cs-vm kernel: [    0.000000] pcpu-alloc: [0] 056 057 058 059 060 061 062 063 
Sep 13 10:48:29 cu-cs-vm kernel: [    0.000000] pcpu-alloc: [0] 064 065 066 067 068 069 070 071 
Sep 13 10:48:29 cu-cs-vm kernel: [    0.000000] pcpu-alloc: [0] 072 073 074 075 076 077 078 079 
Sep 13 10:48:29 cu-cs-vm kernel: [    0.000000] pcpu-alloc: [0] 080 081 082 083 084 085 086 087 
Sep 13 10:48:29 cu-cs-vm kernel: [    0.000000] pcpu-alloc: [0] 088 089 090 091 092 093 094 095 
Sep 13 10:48:29 cu-cs-vm kernel: [    0.000000] pcpu-alloc: [0] 096 097 098 099 100 101 102 103 
Sep 13 10:48:29 cu-cs-vm kernel: [    0.000000] pcpu-alloc: [0] 104 105 106 107 108 109 110 111 
Sep 13 10:48:29 cu-cs-vm kernel: [    0.000000] pcpu-alloc: [0] 112 113 114 115 116 117 118 119 
Sep 13 10:48:29 cu-cs-vm kernel: [    0.000000] pcpu-alloc: [0] 120 121 122 123 124 125 126 127 
Sep 13 10:48:29 cu-cs-vm kernel: [    0.000000] Built 1 zonelists, mobility grouping on.  Total pages: 1032024
Sep 13 10:48:29 cu-cs-vm kernel: [    0.000000] Policy zone: Normal
Sep 13 10:48:29 cu-cs-vm kernel: [    0.000000] Kernel command line: BOOT_IMAGE=/boot/vmlinuz-4.15.0-33-generic root=UUID=a7adc8c1-e02a-478b-93ad-c06e060e0176 ro
Sep 13 10:48:29 cu-cs-vm kernel: [    0.000000] log_buf_len individual max cpu contribution: 4096 bytes
Sep 13 10:48:29 cu-cs-vm kernel: [    0.000000] log_buf_len total cpu_extra contributions: 520192 bytes
Sep 13 10:48:29 cu-cs-vm kernel: [    0.000000] log_buf_len min size: 262144 bytes
Sep 13 10:48:29 cu-cs-vm kernel: [    0.000000] log_buf_len: 1048576 bytes
Sep 13 10:48:29 cu-cs-vm kernel: [    0.000000] early log buf free: 235724(89%)
Sep 13 10:48:29 cu-cs-vm kernel: [    0.000000] Calgary: detecting Calgary via BIOS EBDA area
Sep 13 10:48:29 cu-cs-vm systemd[1]: Started D-Bus System Message Bus.
Sep 13 10:48:29 cu-cs-vm kernel: [    0.000000] Calgary: Unable to locate Rio Grande table in EBDA - bailing!
Sep 13 10:48:29 cu-cs-vm kernel: [    0.000000] Memory: 3955044K/4193716K available (12300K kernel code, 2469K rwdata, 4252K rodata, 2404K init, 2416K bss, 238672K reserved, 0K cma-reserved)
Sep 13 10:48:29 cu-cs-vm kernel: [    0.000000] SLUB: HWalign=64, Order=0-3, MinObjects=0, CPUs=128, Nodes=1
Sep 13 10:48:29 cu-cs-vm kernel: [    0.000000] Kernel/User page tables isolation: enabled
Sep 13 10:48:29 cu-cs-vm kernel: [    0.000000] ftrace: allocating 39127 entries in 153 pages
Sep 13 10:48:29 cu-cs-vm kernel: [    0.004000] Hierarchical RCU implementation.
Sep 13 10:48:29 cu-cs-vm kernel: [    0.004000] 	RCU restricting CPUs from NR_CPUS=8192 to nr_cpu_ids=128.
Sep 13 10:48:29 cu-cs-vm kernel: [    0.004000] 	Tasks RCU enabled.
Sep 13 10:48:29 cu-cs-vm kernel: [    0.004000] RCU: Adjusting geometry for rcu_fanout_leaf=16, nr_cpu_ids=128
Sep 13 10:48:29 cu-cs-vm kernel: [    0.004000] NR_IRQS: 524544, nr_irqs: 1448, preallocated irqs: 16
Sep 13 10:48:29 cu-cs-vm kernel: [    0.004000] Console: colour VGA+ 80x25
Sep 13 10:48:29 cu-cs-vm avahi-daemon[813]: avahi-daemon 0.6.32-rc starting up.
Sep 13 10:48:29 cu-cs-vm kernel: [    0.004000] console [tty0] enabled
Sep 13 10:48:29 cu-cs-vm kernel: [    0.004000] ACPI: Core revision 20170831
Sep 13 10:48:29 cu-cs-vm kernel: [    0.004000] ACPI: 1 ACPI AML tables successfully acquired and loaded
Sep 13 10:48:29 cu-cs-vm kernel: [    0.004015] APIC: Switch to symmetric I/O mode setup
Sep 13 10:48:29 cu-cs-vm kernel: [    0.004905] x2apic enabled
Sep 13 10:48:29 cu-cs-vm kernel: [    0.005910] Switched APIC routing to physical x2apic.
Sep 13 10:48:29 cu-cs-vm kernel: [    0.009435] ..TIMER: vector=0x30 apic1=0 pin1=2 apic2=-1 pin2=-1
Sep 13 10:48:29 cu-cs-vm kernel: [    0.009966] tsc: Detected 1799.999 MHz processor
Sep 13 10:48:29 cu-cs-vm kernel: [    0.010328] Calibrating delay loop (skipped) preset value.. 3599.99 BogoMIPS (lpj=7199996)
Sep 13 10:48:29 cu-cs-vm kernel: [    0.010328] pid_max: default: 131072 minimum: 1024
Sep 13 10:48:29 cu-cs-vm kernel: [    0.010328] Security Framework initialized
Sep 13 10:48:29 cu-cs-vm kernel: [    0.012005] Yama: becoming mindful.
Sep 13 10:48:29 cu-cs-vm kernel: [    0.013861] AppArmor: AppArmor initialized
Sep 13 10:48:29 cu-cs-vm kernel: [    0.017002] Dentry cache hash table entries: 524288 (order: 10, 4194304 bytes)
Sep 13 10:48:29 cu-cs-vm kernel: [    0.019102] Inode-cache hash table entries: 262144 (order: 9, 2097152 bytes)
Sep 13 10:48:29 cu-cs-vm kernel: [    0.020113] Mount-cache hash table entries: 8192 (order: 4, 65536 bytes)
Sep 13 10:48:29 cu-cs-vm kernel: [    0.020740] Mountpoint-cache hash table entries: 8192 (order: 4, 65536 bytes)
Sep 13 10:48:29 cu-cs-vm kernel: [    0.021981] Disabled fast string operations
Sep 13 10:48:29 cu-cs-vm kernel: [    0.022368] mce: CPU supports 0 MCE banks
Sep 13 10:48:29 cu-cs-vm kernel: [    0.022707] Last level iTLB entries: 4KB 64, 2MB 8, 4MB 8
Sep 13 10:48:29 cu-cs-vm kernel: [    0.023124] Last level dTLB entries: 4KB 64, 2MB 0, 4MB 0, 1GB 4
Sep 13 10:48:29 cu-cs-vm kernel: [    0.023586] Spectre V2 : Mitigation: Full generic retpoline
Sep 13 10:48:29 cu-cs-vm kernel: [    0.024004] Spectre V2 : Spectre v2 mitigation: Filling RSB on context switch
Sep 13 10:48:29 cu-cs-vm kernel: [    0.024587] Spectre V2 : Spectre v2 mitigation: Enabling Indirect Branch Prediction Barrier
Sep 13 10:48:29 cu-cs-vm kernel: [    0.025224] Spectre V2 : Enabling Restricted Speculation for firmware calls
Sep 13 10:48:29 cu-cs-vm kernel: [    0.025754] Speculative Store Bypass: Mitigation: Speculative Store Bypass disabled via prctl and seccomp
Sep 13 10:48:29 cu-cs-vm kernel: [    0.026663] Freeing SMP alternatives memory: 36K
Sep 13 10:48:29 cu-cs-vm kernel: [    0.031541] TSC deadline timer enabled
Sep 13 10:48:29 cu-cs-vm kernel: [    0.031564] smpboot: CPU0: Intel(R) Core(TM) i5-8250U CPU @ 1.60GHz (family: 0x6, model: 0x8e, stepping: 0xa)
Sep 13 10:48:29 cu-cs-vm kernel: [    0.032000] Performance Events: Skylake events, core PMU driver.
Sep 13 10:48:29 cu-cs-vm kernel: [    0.032000] core: CPUID marked event: 'cpu cycles' unavailable
Sep 13 10:48:29 cu-cs-vm kernel: [    0.032000] core: CPUID marked event: 'instructions' unavailable
Sep 13 10:48:29 cu-cs-vm kernel: [    0.032000] core: CPUID marked event: 'bus cycles' unavailable
Sep 13 10:48:29 cu-cs-vm kernel: [    0.032000] core: CPUID marked event: 'cache references' unavailable
Sep 13 10:48:29 cu-cs-vm kernel: [    0.032000] core: CPUID marked event: 'cache misses' unavailable
Sep 13 10:48:29 cu-cs-vm kernel: [    0.032010] core: CPUID marked event: 'branch instructions' unavailable
Sep 13 10:48:29 cu-cs-vm kernel: [    0.032519] core: CPUID marked event: 'branch misses' unavailable
Sep 13 10:48:29 cu-cs-vm kernel: [    0.032993] ... version:                1
Sep 13 10:48:29 cu-cs-vm kernel: [    0.033311] ... bit width:              48
Sep 13 10:48:29 cu-cs-vm kernel: [    0.033680] ... generic registers:      4
Sep 13 10:48:29 cu-cs-vm kernel: [    0.034000] ... value mask:             0000ffffffffffff
Sep 13 10:48:29 cu-cs-vm kernel: [    0.034412] ... max period:             000000007fffffff
Sep 13 10:48:29 cu-cs-vm kernel: [    0.034823] ... fixed-purpose events:   0
Sep 13 10:48:29 cu-cs-vm kernel: [    0.035140] ... event mask:             000000000000000f
Sep 13 10:48:29 cu-cs-vm kernel: [    0.035717] Hierarchical SRCU implementation.
Sep 13 10:48:29 cu-cs-vm kernel: [    0.037223] NMI watchdog: Perf event create on CPU 0 failed with -2
Sep 13 10:48:29 cu-cs-vm kernel: [    0.037716] NMI watchdog: Perf NMI watchdog permanently disabled
Sep 13 10:48:29 cu-cs-vm kernel: [    0.041510] smp: Bringing up secondary CPUs ...
Sep 13 10:48:29 cu-cs-vm kernel: [    0.042108] x86: Booting SMP configuration:
Sep 13 10:48:29 cu-cs-vm kernel: [    0.042448] .... node  #0, CPUs:          #1
Sep 13 10:48:29 cu-cs-vm kernel: [    0.004000] Disabled fast string operations
Sep 13 10:48:29 cu-cs-vm kernel: [    0.004000] mce: CPU supports 0 MCE banks
Sep 13 10:48:29 cu-cs-vm kernel: [    0.004000] smpboot: CPU 1 Converting physical 2 to logical package 1
Sep 13 10:48:29 cu-cs-vm kernel: [    0.044422] smp: Brought up 1 node, 2 CPUs
Sep 13 10:48:29 cu-cs-vm kernel: [    0.044566] smpboot: Max logical packages: 128
Sep 13 10:48:29 cu-cs-vm kernel: [    0.044651] smpboot: Total of 2 processors activated (7199.99 BogoMIPS)
Sep 13 10:48:29 cu-cs-vm kernel: [    0.045666] devtmpfs: initialized
Sep 13 10:48:29 cu-cs-vm kernel: [    0.045666] x86/mm: Memory block size: 128MB
Sep 13 10:48:29 cu-cs-vm kernel: [    0.045666] evm: security.selinux
Sep 13 10:48:29 cu-cs-vm kernel: [    0.045666] evm: security.SMACK64
Sep 13 10:48:29 cu-cs-vm kernel: [    0.045666] evm: security.SMACK64EXEC
Sep 13 10:48:29 cu-cs-vm kernel: [    0.045666] evm: security.SMACK64TRANSMUTE
Sep 13 10:48:29 cu-cs-vm kernel: [    0.045666] evm: security.SMACK64MMAP
Sep 13 10:48:29 cu-cs-vm kernel: [    0.045666] evm: security.apparmor
Sep 13 10:48:29 cu-cs-vm kernel: [    0.045666] evm: security.ima
Sep 13 10:48:29 cu-cs-vm kernel: [    0.045666] evm: security.capability
Sep 13 10:48:29 cu-cs-vm kernel: [    0.048071] PM: Registering ACPI NVS region [mem 0xbfeff000-0xbfefffff] (4096 bytes)
Sep 13 10:48:29 cu-cs-vm kernel: [    0.048366] clocksource: jiffies: mask: 0xffffffff max_cycles: 0xffffffff, max_idle_ns: 7645041785100000 ns
Sep 13 10:48:29 cu-cs-vm kernel: [    0.048366] futex hash table entries: 32768 (order: 9, 2097152 bytes)
Sep 13 10:48:29 cu-cs-vm kernel: [    0.050107] pinctrl core: initialized pinctrl subsystem
Sep 13 10:48:29 cu-cs-vm kernel: [    0.050603] RTC time: 16:48:20, date: 09/13/19
Sep 13 10:48:29 cu-cs-vm kernel: [    0.052656] NET: Registered protocol family 16
Sep 13 10:48:29 cu-cs-vm kernel: [    0.052930] audit: initializing netlink subsys (disabled)
Sep 13 10:48:29 cu-cs-vm kernel: [    0.053148] audit: type=2000 audit(1568393300.052:1): state=initialized audit_enabled=0 res=1
Sep 13 10:48:29 cu-cs-vm kernel: [    0.053148] cpuidle: using governor ladder
Sep 13 10:48:29 cu-cs-vm kernel: [    0.053148] cpuidle: using governor menu
Sep 13 10:48:29 cu-cs-vm kernel: [    0.053148] Simple Boot Flag at 0x36 set to 0x80
Sep 13 10:48:29 cu-cs-vm kernel: [    0.053148] ACPI: bus type PCI registered
Sep 13 10:48:29 cu-cs-vm kernel: [    0.053148] acpiphp: ACPI Hot Plug PCI Controller Driver version: 0.5
Sep 13 10:48:29 cu-cs-vm kernel: [    0.053406] PCI: MMCONFIG for domain 0000 [bus 00-7f] at [mem 0xf0000000-0xf7ffffff] (base 0xf0000000)
Sep 13 10:48:29 cu-cs-vm kernel: [    0.053644] PCI: MMCONFIG at [mem 0xf0000000-0xf7ffffff] reserved in E820
Sep 13 10:48:29 cu-cs-vm kernel: [    0.053830] PCI: Using configuration type 1 for base access
Sep 13 10:48:29 cu-cs-vm kernel: [    0.058221] HugeTLB registered 1.00 GiB page size, pre-allocated 0 pages
Sep 13 10:48:29 cu-cs-vm kernel: [    0.058221] HugeTLB registered 2.00 MiB page size, pre-allocated 0 pages
Sep 13 10:48:29 cu-cs-vm kernel: [    0.060365] ACPI: Added _OSI(Module Device)
Sep 13 10:48:29 cu-cs-vm kernel: [    0.060501] ACPI: Added _OSI(Processor Device)
Sep 13 10:48:29 cu-cs-vm kernel: [    0.060626] ACPI: Added _OSI(3.0 _SCP Extensions)
Sep 13 10:48:29 cu-cs-vm kernel: [    0.060756] ACPI: Added _OSI(Processor Aggregator Device)
Sep 13 10:48:29 cu-cs-vm kernel: [    0.060900] ACPI: Added _OSI(Linux-Dell-Video)
Sep 13 10:48:29 cu-cs-vm kernel: [    0.069360] ACPI: [Firmware Bug]: BIOS _OSI(Linux) query ignored
Sep 13 10:48:29 cu-cs-vm kernel: [    0.133945] ACPI: Interpreter enabled
Sep 13 10:48:29 cu-cs-vm kernel: [    0.134096] ACPI: (supports S0 S1 S4 S5)
Sep 13 10:48:29 cu-cs-vm kernel: [    0.134215] ACPI: Using IOAPIC for interrupt routing
Sep 13 10:48:29 cu-cs-vm kernel: [    0.134432] PCI: Using host bridge windows from ACPI; if necessary, use "pci=nocrs" and report a bug
Sep 13 10:48:29 cu-cs-vm kernel: [    0.137589] ACPI: Enabled 4 GPEs in block 00 to 0F
Sep 13 10:48:29 cu-cs-vm kernel: [    0.724931] ACPI: PCI Root Bridge [PCI0] (domain 0000 [bus 00-7f])
Sep 13 10:48:29 cu-cs-vm kernel: [    0.725118] acpi PNP0A03:00: _OSC: OS supports [ExtendedConfig ASPM ClockPM Segments MSI]
Sep 13 10:48:29 cu-cs-vm kernel: [    0.725850] acpi PNP0A03:00: _OSC: platform does not support [AER]
Sep 13 10:48:29 cu-cs-vm kernel: [    0.726526] acpi PNP0A03:00: _OSC: OS now controls [PCIeHotplug PME PCIeCapability]
Sep 13 10:48:29 cu-cs-vm kernel: [    0.731547] PCI host bridge to bus 0000:00
Sep 13 10:48:29 cu-cs-vm kernel: [    0.731676] pci_bus 0000:00: root bus resource [mem 0x000a0000-0x000bffff window]
Sep 13 10:48:29 cu-cs-vm kernel: [    0.731872] pci_bus 0000:00: root bus resource [mem 0x000cc000-0x000cffff window]
Sep 13 10:48:29 cu-cs-vm kernel: [    0.732000] pci_bus 0000:00: root bus resource [mem 0x000d0000-0x000d3fff window]
Sep 13 10:48:29 cu-cs-vm kernel: [    0.732000] pci_bus 0000:00: root bus resource [mem 0x000d4000-0x000d7fff window]
Sep 13 10:48:29 cu-cs-vm kernel: [    0.732000] pci_bus 0000:00: root bus resource [mem 0x000d8000-0x000dbfff window]
Sep 13 10:48:29 cu-cs-vm kernel: [    0.732000] pci_bus 0000:00: root bus resource [mem 0xc0000000-0xfebfffff window]
Sep 13 10:48:29 cu-cs-vm kernel: [    0.732000] pci_bus 0000:00: root bus resource [io  0x0000-0x0cf7 window]
Sep 13 10:48:29 cu-cs-vm kernel: [    0.732000] pci_bus 0000:00: root bus resource [io  0x0d00-0xfeff window]
Sep 13 10:48:29 cu-cs-vm kernel: [    0.732000] pci_bus 0000:00: root bus resource [bus 00-7f]
Sep 13 10:48:29 cu-cs-vm kernel: [    0.732121] pci 0000:00:00.0: [8086:7190] type 00 class 0x060000
Sep 13 10:48:29 cu-cs-vm kernel: [    0.733850] pci 0000:00:01.0: [8086:7191] type 01 class 0x060400
Sep 13 10:48:29 cu-cs-vm kernel: [    0.735256] pci 0000:00:07.0: [8086:7110] type 00 class 0x060100
Sep 13 10:48:29 cu-cs-vm kernel: [    0.737213] pci 0000:00:07.1: [8086:7111] type 00 class 0x01018a
Sep 13 10:48:29 cu-cs-vm kernel: [    0.740018] pci 0000:00:07.1: reg 0x20: [io  0x1060-0x106f]
Sep 13 10:48:29 cu-cs-vm kernel: [    0.741329] pci 0000:00:07.1: legacy IDE quirk: reg 0x10: [io  0x01f0-0x01f7]
Sep 13 10:48:29 cu-cs-vm kernel: [    0.741520] pci 0000:00:07.1: legacy IDE quirk: reg 0x14: [io  0x03f6]
Sep 13 10:48:29 cu-cs-vm kernel: [    0.741690] pci 0000:00:07.1: legacy IDE quirk: reg 0x18: [io  0x0170-0x0177]
Sep 13 10:48:29 cu-cs-vm kernel: [    0.741901] pci 0000:00:07.1: legacy IDE quirk: reg 0x1c: [io  0x0376]
Sep 13 10:48:29 cu-cs-vm kernel: [    0.742702] pci 0000:00:07.3: [8086:7113] type 00 class 0x068000
Sep 13 10:48:29 cu-cs-vm kernel: [    0.746462] pci 0000:00:07.3: quirk: [io  0x1000-0x103f] claimed by PIIX4 ACPI
Sep 13 10:48:29 cu-cs-vm kernel: [    0.746688] pci 0000:00:07.3: quirk: [io  0x1040-0x104f] claimed by PIIX4 SMB
Sep 13 10:48:29 cu-cs-vm kernel: [    0.747744] pci 0000:00:07.7: [15ad:0740] type 00 class 0x088000
Sep 13 10:48:29 cu-cs-vm kernel: [    0.749135] pci 0000:00:07.7: reg 0x10: [io  0x1080-0x10bf]
Sep 13 10:48:29 cu-cs-vm kernel: [    0.750457] pci 0000:00:07.7: reg 0x14: [mem 0xfebfe000-0xfebfffff 64bit]
Sep 13 10:48:29 cu-cs-vm kernel: [    0.754626] pci 0000:00:0f.0: [15ad:0405] type 00 class 0x030000
Sep 13 10:48:29 cu-cs-vm kernel: [    0.756010] pci 0000:00:0f.0: reg 0x10: [io  0x1070-0x107f]
Sep 13 10:48:29 cu-cs-vm kernel: [    0.757550] pci 0000:00:0f.0: reg 0x14: [mem 0xe8000000-0xefffffff pref]
Sep 13 10:48:29 cu-cs-vm kernel: [    0.759038] pci 0000:00:0f.0: reg 0x18: [mem 0xfe000000-0xfe7fffff]
Sep 13 10:48:29 cu-cs-vm kernel: [    0.766484] pci 0000:00:0f.0: reg 0x30: [mem 0x00000000-0x00007fff pref]
Sep 13 10:48:29 cu-cs-vm kernel: [    0.767224] pci 0000:00:10.0: [1000:0030] type 00 class 0x010000
Sep 13 10:48:29 cu-cs-vm kernel: [    0.768793] pci 0000:00:10.0: reg 0x10: [io  0x1400-0x14ff]
Sep 13 10:48:29 cu-cs-vm kernel: [    0.770107] pci 0000:00:10.0: reg 0x14: [mem 0xfeba0000-0xfebbffff 64bit]
Sep 13 10:48:29 cu-cs-vm kernel: [    0.771048] pci 0000:00:10.0: reg 0x1c: [mem 0xfebc0000-0xfebdffff 64bit]
Sep 13 10:48:29 cu-cs-vm kernel: [    0.772450] pci 0000:00:10.0: reg 0x30: [mem 0x00000000-0x00003fff pref]
Sep 13 10:48:29 cu-cs-vm kernel: [    0.773032] pci 0000:00:11.0: [15ad:0790] type 01 class 0x060401
Sep 13 10:48:29 cu-cs-vm kernel: [    0.774185] pci 0000:00:15.0: [15ad:07a0] type 01 class 0x060400
Sep 13 10:48:29 cu-cs-vm kernel: [    0.775352] pci 0000:00:15.0: PME# supported from D0 D3hot D3cold
Sep 13 10:48:29 cu-cs-vm kernel: [    0.775836] pci 0000:00:15.1: [15ad:07a0] type 01 class 0x060400
Sep 13 10:48:29 cu-cs-vm kernel: [    0.776964] pci 0000:00:15.1: PME# supported from D0 D3hot D3cold
Sep 13 10:48:29 cu-cs-vm kernel: [    0.777433] pci 0000:00:15.2: [15ad:07a0] type 01 class 0x060400
Sep 13 10:48:29 cu-cs-vm kernel: [    0.778543] pci 0000:00:15.2: PME# supported from D0 D3hot D3cold
Sep 13 10:48:29 cu-cs-vm kernel: [    0.779021] pci 0000:00:15.3: [15ad:07a0] type 01 class 0x060400
Sep 13 10:48:29 cu-cs-vm kernel: [    0.780121] pci 0000:00:15.3: PME# supported from D0 D3hot D3cold
Sep 13 10:48:29 cu-cs-vm kernel: [    0.780605] pci 0000:00:15.4: [15ad:07a0] type 01 class 0x060400
Sep 13 10:48:29 cu-cs-vm kernel: [    0.781716] pci 0000:00:15.4: PME# supported from D0 D3hot D3cold
Sep 13 10:48:29 cu-cs-vm kernel: [    0.782181] pci 0000:00:15.5: [15ad:07a0] type 01 class 0x060400
Sep 13 10:48:29 cu-cs-vm kernel: [    0.783290] pci 0000:00:15.5: PME# supported from D0 D3hot D3cold
Sep 13 10:48:29 cu-cs-vm kernel: [    0.783756] pci 0000:00:15.6: [15ad:07a0] type 01 class 0x060400
Sep 13 10:48:29 cu-cs-vm kernel: [    0.784865] pci 0000:00:15.6: PME# supported from D0 D3hot D3cold
Sep 13 10:48:29 cu-cs-vm kernel: [    0.785330] pci 0000:00:15.7: [15ad:07a0] type 01 class 0x060400
Sep 13 10:48:29 cu-cs-vm kernel: [    0.786440] pci 0000:00:15.7: PME# supported from D0 D3hot D3cold
Sep 13 10:48:29 cu-cs-vm kernel: [    0.786904] pci 0000:00:16.0: [15ad:07a0] type 01 class 0x060400
Sep 13 10:48:29 cu-cs-vm kernel: [    0.788043] pci 0000:00:16.0: PME# supported from D0 D3hot D3cold
Sep 13 10:48:29 cu-cs-vm kernel: [    0.788854] pci 0000:00:16.1: [15ad:07a0] type 01 class 0x060400
Sep 13 10:48:29 cu-cs-vm kernel: [    0.790731] pci 0000:00:16.1: PME# supported from D0 D3hot D3cold
Sep 13 10:48:29 cu-cs-vm kernel: [    0.791541] pci 0000:00:16.2: [15ad:07a0] type 01 class 0x060400
Sep 13 10:48:29 cu-cs-vm kernel: [    0.793458] pci 0000:00:16.2: PME# supported from D0 D3hot D3cold
Sep 13 10:48:29 cu-cs-vm kernel: [    0.794280] pci 0000:00:16.3: [15ad:07a0] type 01 class 0x060400
Sep 13 10:48:29 cu-cs-vm kernel: [    0.796208] pci 0000:00:16.3: PME# supported from D0 D3hot D3cold
Sep 13 10:48:29 cu-cs-vm kernel: [    0.797012] pci 0000:00:16.4: [15ad:07a0] type 01 class 0x060400
Sep 13 10:48:29 cu-cs-vm kernel: [    0.798913] pci 0000:00:16.4: PME# supported from D0 D3hot D3cold
Sep 13 10:48:29 cu-cs-vm kernel: [    0.799733] pci 0000:00:16.5: [15ad:07a0] type 01 class 0x060400
Sep 13 10:48:29 cu-cs-vm kernel: [    0.801627] pci 0000:00:16.5: PME# supported from D0 D3hot D3cold
Sep 13 10:48:29 cu-cs-vm kernel: [    0.802431] pci 0000:00:16.6: [15ad:07a0] type 01 class 0x060400
Sep 13 10:48:29 cu-cs-vm kernel: [    0.804427] pci 0000:00:16.6: PME# supported from D0 D3hot D3cold
Sep 13 10:48:29 cu-cs-vm kernel: [    0.805266] pci 0000:00:16.7: [15ad:07a0] type 01 class 0x060400
Sep 13 10:48:29 cu-cs-vm kernel: [    0.807206] pci 0000:00:16.7: PME# supported from D0 D3hot D3cold
Sep 13 10:48:29 cu-cs-vm kernel: [    0.808000] pci 0000:00:17.0: [15ad:07a0] type 01 class 0x060400
Sep 13 10:48:29 cu-cs-vm kernel: [    0.809918] pci 0000:00:17.0: PME# supported from D0 D3hot D3cold
Sep 13 10:48:29 cu-cs-vm kernel: [    0.810723] pci 0000:00:17.1: [15ad:07a0] type 01 class 0x060400
Sep 13 10:48:29 cu-cs-vm kernel: [    0.812623] pci 0000:00:17.1: PME# supported from D0 D3hot D3cold
Sep 13 10:48:29 cu-cs-vm kernel: [    0.813426] pci 0000:00:17.2: [15ad:07a0] type 01 class 0x060400
Sep 13 10:48:29 cu-cs-vm kernel: [    0.815356] pci 0000:00:17.2: PME# supported from D0 D3hot D3cold
Sep 13 10:48:29 cu-cs-vm kernel: [    0.816166] pci 0000:00:17.3: [15ad:07a0] type 01 class 0x060400
Sep 13 10:48:29 cu-cs-vm kernel: [    0.818097] pci 0000:00:17.3: PME# supported from D0 D3hot D3cold
Sep 13 10:48:29 cu-cs-vm kernel: [    0.818886] pci 0000:00:17.4: [15ad:07a0] type 01 class 0x060400
Sep 13 10:48:29 cu-cs-vm kernel: [    0.820786] pci 0000:00:17.4: PME# supported from D0 D3hot D3cold
Sep 13 10:48:29 cu-cs-vm kernel: [    0.821620] pci 0000:00:17.5: [15ad:07a0] type 01 class 0x060400
Sep 13 10:48:29 cu-cs-vm kernel: [    0.823529] pci 0000:00:17.5: PME# supported from D0 D3hot D3cold
Sep 13 10:48:29 cu-cs-vm kernel: [    0.824239] pci 0000:00:17.6: [15ad:07a0] type 01 class 0x060400
Sep 13 10:48:29 cu-cs-vm kernel: [    0.826168] pci 0000:00:17.6: PME# supported from D0 D3hot D3cold
Sep 13 10:48:29 cu-cs-vm kernel: [    0.826970] pci 0000:00:17.7: [15ad:07a0] type 01 class 0x060400
Sep 13 10:48:29 cu-cs-vm kernel: [    0.828857] pci 0000:00:17.7: PME# supported from D0 D3hot D3cold
Sep 13 10:48:29 cu-cs-vm kernel: [    0.829687] pci 0000:00:18.0: [15ad:07a0] type 01 class 0x060400
Sep 13 10:48:29 cu-cs-vm kernel: [    0.831589] pci 0000:00:18.0: PME# supported from D0 D3hot D3cold
Sep 13 10:48:29 cu-cs-vm kernel: [    0.832373] pci 0000:00:18.1: [15ad:07a0] type 01 class 0x060400
Sep 13 10:48:29 cu-cs-vm kernel: [    0.834371] pci 0000:00:18.1: PME# supported from D0 D3hot D3cold
Sep 13 10:48:29 cu-cs-vm kernel: [    0.835184] pci 0000:00:18.2: [15ad:07a0] type 01 class 0x060400
Sep 13 10:48:29 cu-cs-vm kernel: [    0.837086] pci 0000:00:18.2: PME# supported from D0 D3hot D3cold
Sep 13 10:48:29 cu-cs-vm kernel: [    0.837943] pci 0000:00:18.3: [15ad:07a0] type 01 class 0x060400
Sep 13 10:48:29 cu-cs-vm kernel: [    0.839851] pci 0000:00:18.3: PME# supported from D0 D3hot D3cold
Sep 13 10:48:29 cu-cs-vm kernel: [    0.840627] pci 0000:00:18.4: [15ad:07a0] type 01 class 0x060400
Sep 13 10:48:29 cu-cs-vm kernel: [    0.842533] pci 0000:00:18.4: PME# supported from D0 D3hot D3cold
Sep 13 10:48:29 cu-cs-vm kernel: [    0.843332] pci 0000:00:18.5: [15ad:07a0] type 01 class 0x060400
Sep 13 10:48:29 cu-cs-vm kernel: [    0.845263] pci 0000:00:18.5: PME# supported from D0 D3hot D3cold
Sep 13 10:48:29 cu-cs-vm kernel: [    0.846067] pci 0000:00:18.6: [15ad:07a0] type 01 class 0x060400
Sep 13 10:48:29 cu-cs-vm kernel: [    0.847971] pci 0000:00:18.6: PME# supported from D0 D3hot D3cold
Sep 13 10:48:29 cu-cs-vm kernel: [    0.848757] pci 0000:00:18.7: [15ad:07a0] type 01 class 0x060400
Sep 13 10:48:29 cu-cs-vm kernel: [    0.850687] pci 0000:00:18.7: PME# supported from D0 D3hot D3cold
Sep 13 10:48:29 cu-cs-vm kernel: [    0.852409] pci 0000:00:01.0: PCI bridge to [bus 01]
Sep 13 10:48:29 cu-cs-vm kernel: [    0.853516] acpiphp: Slot [32] registered
Sep 13 10:48:29 cu-cs-vm kernel: [    0.853738] acpiphp: Slot [33] registered
Sep 13 10:48:29 cu-cs-vm kernel: [    0.853956] acpiphp: Slot [34] registered
Sep 13 10:48:29 cu-cs-vm kernel: [    0.854174] acpiphp: Slot [35] registered
Sep 13 10:48:29 cu-cs-vm kernel: [    0.854393] acpiphp: Slot [36] registered
Sep 13 10:48:29 cu-cs-vm kernel: [    0.854612] acpiphp: Slot [37] registered
Sep 13 10:48:29 cu-cs-vm kernel: [    0.854832] acpiphp: Slot [38] registered
Sep 13 10:48:29 cu-cs-vm kernel: [    0.855060] acpiphp: Slot [39] registered
Sep 13 10:48:29 cu-cs-vm kernel: [    0.855281] acpiphp: Slot [40] registered
Sep 13 10:48:29 cu-cs-vm kernel: [    0.855499] acpiphp: Slot [41] registered
Sep 13 10:48:29 cu-cs-vm kernel: [    0.855727] acpiphp: Slot [42] registered
Sep 13 10:48:29 cu-cs-vm kernel: [    0.855945] acpiphp: Slot [43] registered
Sep 13 10:48:29 cu-cs-vm kernel: [    0.856092] acpiphp: Slot [44] registered
Sep 13 10:48:29 cu-cs-vm kernel: [    0.856344] acpiphp: Slot [45] registered
Sep 13 10:48:29 cu-cs-vm kernel: [    0.856562] acpiphp: Slot [46] registered
Sep 13 10:48:29 cu-cs-vm kernel: [    0.856788] acpiphp: Slot [47] registered
Sep 13 10:48:29 cu-cs-vm kernel: [    0.857017] acpiphp: Slot [48] registered
Sep 13 10:48:29 cu-cs-vm kernel: [    0.857267] acpiphp: Slot [49] registered
Sep 13 10:48:29 cu-cs-vm kernel: [    0.857485] acpiphp: Slot [50] registered
Sep 13 10:48:29 cu-cs-vm kernel: [    0.857702] acpiphp: Slot [51] registered
Sep 13 10:48:29 cu-cs-vm kernel: [    0.857919] acpiphp: Slot [52] registered
Sep 13 10:48:29 cu-cs-vm kernel: [    0.858136] acpiphp: Slot [53] registered
Sep 13 10:48:29 cu-cs-vm kernel: [    0.858363] acpiphp: Slot [54] registered
Sep 13 10:48:29 cu-cs-vm kernel: [    0.858580] acpiphp: Slot [55] registered
Sep 13 10:48:29 cu-cs-vm kernel: [    0.858797] acpiphp: Slot [56] registered
Sep 13 10:48:29 cu-cs-vm kernel: [    0.859014] acpiphp: Slot [57] registered
Sep 13 10:48:29 cu-cs-vm kernel: [    0.859230] acpiphp: Slot [58] registered
Sep 13 10:48:29 cu-cs-vm kernel: [    0.859454] acpiphp: Slot [59] registered
Sep 13 10:48:29 cu-cs-vm kernel: [    0.859672] acpiphp: Slot [60] registered
Sep 13 10:48:29 cu-cs-vm kernel: [    0.859888] acpiphp: Slot [61] registered
Sep 13 10:48:29 cu-cs-vm kernel: [    0.860082] acpiphp: Slot [62] registered
Sep 13 10:48:29 cu-cs-vm kernel: [    0.860300] acpiphp: Slot [63] registered
Sep 13 10:48:29 cu-cs-vm kernel: [    0.861037] pci 0000:02:00.0: [15ad:0774] type 00 class 0x0c0300
Sep 13 10:48:29 cu-cs-vm kernel: [    0.864296] pci 0000:02:00.0: reg 0x20: [io  0x2040-0x205f]
Sep 13 10:48:29 cu-cs-vm kernel: [    0.866677] pci 0000:02:01.0: [8086:100f] type 00 class 0x020000
Sep 13 10:48:29 cu-cs-vm kernel: [    0.869024] pci 0000:02:01.0: reg 0x10: [mem 0xfd5c0000-0xfd5dffff 64bit]
Sep 13 10:48:29 cu-cs-vm kernel: [    0.871074] pci 0000:02:01.0: reg 0x18: [mem 0xfdff0000-0xfdffffff 64bit]
Sep 13 10:48:29 cu-cs-vm kernel: [    0.872896] pci 0000:02:01.0: reg 0x20: [io  0x2000-0x203f]
Sep 13 10:48:29 cu-cs-vm kernel: [    0.876015] pci 0000:02:01.0: reg 0x30: [mem 0x00000000-0x0000ffff pref]
Sep 13 10:48:29 cu-cs-vm kernel: [    0.876800] pci 0000:02:01.0: PME# supported from D0 D3hot D3cold
Sep 13 10:48:29 cu-cs-vm kernel: [    0.877405] pci 0000:02:02.0: [15ad:0770] type 00 class 0x0c0320
Sep 13 10:48:29 cu-cs-vm kernel: [    0.878519] pci 0000:02:02.0: reg 0x10: [mem 0xfd5ef000-0xfd5effff]
Sep 13 10:48:29 cu-cs-vm kernel: [    0.884716] pci 0000:02:04.0: [15ad:07e0] type 00 class 0x010601
Sep 13 10:48:29 cu-cs-vm kernel: [    0.890137] pci 0000:02:04.0: reg 0x24: [mem 0xfd5ee000-0xfd5eefff]
Sep 13 10:48:29 cu-cs-vm kernel: [    0.891190] pci 0000:02:04.0: reg 0x30: [mem 0x00000000-0x0000ffff pref]
Sep 13 10:48:29 cu-cs-vm kernel: [    0.892209] pci 0000:02:04.0: PME# supported from D3hot
Sep 13 10:48:29 cu-cs-vm kernel: [    0.893358] pci 0000:00:11.0: PCI bridge to [bus 02] (subtractive decode)
Sep 13 10:48:29 cu-cs-vm kernel: [    0.893596] pci 0000:00:11.0:   bridge window [io  0x2000-0x3fff]
Sep 13 10:48:29 cu-cs-vm kernel: [    0.893648] pci 0000:00:11.0:   bridge window [mem 0xfd500000-0xfdffffff]
Sep 13 10:48:29 cu-cs-vm kernel: [    0.893750] pci 0000:00:11.0:   bridge window [mem 0xe7b00000-0xe7ffffff 64bit pref]
Sep 13 10:48:29 cu-cs-vm kernel: [    0.893753] pci 0000:00:11.0:   bridge window [mem 0x000a0000-0x000bffff window] (subtractive decode)
Sep 13 10:48:29 cu-cs-vm kernel: [    0.893755] pci 0000:00:11.0:   bridge window [mem 0x000cc000-0x000cffff window] (subtractive decode)
Sep 13 10:48:29 cu-cs-vm kernel: [    0.893757] pci 0000:00:11.0:   bridge window [mem 0x000d0000-0x000d3fff window] (subtractive decode)
Sep 13 10:48:29 cu-cs-vm kernel: [    0.893759] pci 0000:00:11.0:   bridge window [mem 0x000d4000-0x000d7fff window] (subtractive decode)
Sep 13 10:48:29 cu-cs-vm kernel: [    0.893761] pci 0000:00:11.0:   bridge window [mem 0x000d8000-0x000dbfff window] (subtractive decode)
Sep 13 10:48:29 cu-cs-vm kernel: [    0.893763] pci 0000:00:11.0:   bridge window [mem 0xc0000000-0xfebfffff window] (subtractive decode)
Sep 13 10:48:29 cu-cs-vm kernel: [    0.893766] pci 0000:00:11.0:   bridge window [io  0x0000-0x0cf7 window] (subtractive decode)
Sep 13 10:48:29 cu-cs-vm kernel: [    0.893768] pci 0000:00:11.0:   bridge window [io  0x0d00-0xfeff window] (subtractive decode)
Sep 13 10:48:29 cu-cs-vm kernel: [    0.894602] pci 0000:00:15.0: PCI bridge to [bus 03]
Sep 13 10:48:29 cu-cs-vm kernel: [    0.894794] pci 0000:00:15.0:   bridge window [io  0x4000-0x4fff]
Sep 13 10:48:29 cu-cs-vm kernel: [    0.894846] pci 0000:00:15.0:   bridge window [mem 0xfd400000-0xfd4fffff]
Sep 13 10:48:29 cu-cs-vm kernel: [    0.894968] pci 0000:00:15.0:   bridge window [mem 0xe7a00000-0xe7afffff 64bit pref]
Sep 13 10:48:29 cu-cs-vm kernel: [    0.895790] pci 0000:00:15.1: PCI bridge to [bus 04]
Sep 13 10:48:29 cu-cs-vm kernel: [    0.895981] pci 0000:00:15.1:   bridge window [io  0x8000-0x8fff]
Sep 13 10:48:29 cu-cs-vm kernel: [    0.896009] pci 0000:00:15.1:   bridge window [mem 0xfd000000-0xfd0fffff]
Sep 13 10:48:29 cu-cs-vm kernel: [    0.896112] pci 0000:00:15.1:   bridge window [mem 0xe7600000-0xe76fffff 64bit pref]
Sep 13 10:48:29 cu-cs-vm kernel: [    0.896946] pci 0000:00:15.2: PCI bridge to [bus 05]
Sep 13 10:48:29 cu-cs-vm kernel: [    0.897141] pci 0000:00:15.2:   bridge window [io  0xc000-0xcfff]
Sep 13 10:48:29 cu-cs-vm kernel: [    0.897194] pci 0000:00:15.2:   bridge window [mem 0xfcc00000-0xfccfffff]
Sep 13 10:48:29 cu-cs-vm kernel: [    0.897296] pci 0000:00:15.2:   bridge window [mem 0xe7200000-0xe72fffff 64bit pref]
Sep 13 10:48:29 cu-cs-vm kernel: [    0.898115] pci 0000:00:15.3: PCI bridge to [bus 06]
Sep 13 10:48:29 cu-cs-vm kernel: [    0.898354] pci 0000:00:15.3:   bridge window [mem 0xfc800000-0xfc8fffff]
Sep 13 10:48:29 cu-cs-vm kernel: [    0.898455] pci 0000:00:15.3:   bridge window [mem 0xe6e00000-0xe6efffff 64bit pref]
Sep 13 10:48:29 cu-cs-vm kernel: [    0.899274] pci 0000:00:15.4: PCI bridge to [bus 07]
Sep 13 10:48:29 cu-cs-vm kernel: [    0.899512] pci 0000:00:15.4:   bridge window [mem 0xfc400000-0xfc4fffff]
Sep 13 10:48:29 cu-cs-vm kernel: [    0.899613] pci 0000:00:15.4:   bridge window [mem 0xe6a00000-0xe6afffff 64bit pref]
Sep 13 10:48:29 cu-cs-vm kernel: [    0.900419] pci 0000:00:15.5: PCI bridge to [bus 08]
Sep 13 10:48:29 cu-cs-vm kernel: [    0.900658] pci 0000:00:15.5:   bridge window [mem 0xfc000000-0xfc0fffff]
Sep 13 10:48:29 cu-cs-vm kernel: [    0.900758] pci 0000:00:15.5:   bridge window [mem 0xe6600000-0xe66fffff 64bit pref]
Sep 13 10:48:29 cu-cs-vm kernel: [    0.901567] pci 0000:00:15.6: PCI bridge to [bus 09]
Sep 13 10:48:29 cu-cs-vm kernel: [    0.901805] pci 0000:00:15.6:   bridge window [mem 0xfbc00000-0xfbcfffff]
Sep 13 10:48:29 cu-cs-vm kernel: [    0.901906] pci 0000:00:15.6:   bridge window [mem 0xe6200000-0xe62fffff 64bit pref]
Sep 13 10:48:29 cu-cs-vm kernel: [    0.902696] pci 0000:00:15.7: PCI bridge to [bus 0a]
Sep 13 10:48:29 cu-cs-vm kernel: [    0.902972] pci 0000:00:15.7:   bridge window [mem 0xfb800000-0xfb8fffff]
Sep 13 10:48:29 cu-cs-vm kernel: [    0.903072] pci 0000:00:15.7:   bridge window [mem 0xe5e00000-0xe5efffff 64bit pref]
Sep 13 10:48:29 cu-cs-vm kernel: [    0.903884] pci 0000:00:16.0: PCI bridge to [bus 0b]
Sep 13 10:48:29 cu-cs-vm kernel: [    0.904034] pci 0000:00:16.0:   bridge window [io  0x5000-0x5fff]
Sep 13 10:48:29 cu-cs-vm kernel: [    0.904086] pci 0000:00:16.0:   bridge window [mem 0xfd300000-0xfd3fffff]
Sep 13 10:48:29 cu-cs-vm kernel: [    0.904187] pci 0000:00:16.0:   bridge window [mem 0xe7900000-0xe79fffff 64bit pref]
Sep 13 10:48:29 cu-cs-vm kernel: [    0.904987] pci 0000:00:16.1: PCI bridge to [bus 0c]
Sep 13 10:48:29 cu-cs-vm kernel: [    0.905177] pci 0000:00:16.1:   bridge window [io  0x9000-0x9fff]
Sep 13 10:48:29 cu-cs-vm kernel: [    0.905229] pci 0000:00:16.1:   bridge window [mem 0xfcf00000-0xfcffffff]
Sep 13 10:48:29 cu-cs-vm kernel: [    0.905330] pci 0000:00:16.1:   bridge window [mem 0xe7500000-0xe75fffff 64bit pref]
Sep 13 10:48:29 cu-cs-vm kernel: [    0.906154] pci 0000:00:16.2: PCI bridge to [bus 0d]
Sep 13 10:48:29 cu-cs-vm kernel: [    0.906381] pci 0000:00:16.2:   bridge window [io  0xd000-0xdfff]
Sep 13 10:48:29 cu-cs-vm kernel: [    0.906433] pci 0000:00:16.2:   bridge window [mem 0xfcb00000-0xfcbfffff]
Sep 13 10:48:29 cu-cs-vm kernel: [    0.906535] pci 0000:00:16.2:   bridge window [mem 0xe7100000-0xe71fffff 64bit pref]
Sep 13 10:48:29 cu-cs-vm kernel: [    0.907389] pci 0000:00:16.3: PCI bridge to [bus 0e]
Sep 13 10:48:29 cu-cs-vm kernel: [    0.907628] pci 0000:00:16.3:   bridge window [mem 0xfc700000-0xfc7fffff]
Sep 13 10:48:29 cu-cs-vm kernel: [    0.907728] pci 0000:00:16.3:   bridge window [mem 0xe6d00000-0xe6dfffff 64bit pref]
Sep 13 10:48:29 cu-cs-vm kernel: [    0.908505] pci 0000:00:16.4: PCI bridge to [bus 0f]
Sep 13 10:48:29 cu-cs-vm kernel: [    0.908743] pci 0000:00:16.4:   bridge window [mem 0xfc300000-0xfc3fffff]
Sep 13 10:48:29 cu-cs-vm kernel: [    0.908844] pci 0000:00:16.4:   bridge window [mem 0xe6900000-0xe69fffff 64bit pref]
Sep 13 10:48:29 cu-cs-vm kernel: [    0.909694] pci 0000:00:16.5: PCI bridge to [bus 10]
Sep 13 10:48:29 cu-cs-vm kernel: [    0.909937] pci 0000:00:16.5:   bridge window [mem 0xfbf00000-0xfbffffff]
Sep 13 10:48:29 cu-cs-vm kernel: [    0.910038] pci 0000:00:16.5:   bridge window [mem 0xe6500000-0xe65fffff 64bit pref]
Sep 13 10:48:29 cu-cs-vm kernel: [    0.910836] pci 0000:00:16.6: PCI bridge to [bus 11]
Sep 13 10:48:29 cu-cs-vm kernel: [    0.911077] pci 0000:00:16.6:   bridge window [mem 0xfbb00000-0xfbbfffff]
Sep 13 10:48:29 cu-cs-vm kernel: [    0.911192] pci 0000:00:16.6:   bridge window [mem 0xe6100000-0xe61fffff 64bit pref]
Sep 13 10:48:29 cu-cs-vm kernel: [    0.912040] pci 0000:00:16.7: PCI bridge to [bus 12]
Sep 13 10:48:29 cu-cs-vm kernel: [    0.912310] pci 0000:00:16.7:   bridge window [mem 0xfb700000-0xfb7fffff]
Sep 13 10:48:29 cu-cs-vm kernel: [    0.912411] pci 0000:00:16.7:   bridge window [mem 0xe5d00000-0xe5dfffff 64bit pref]
Sep 13 10:48:29 cu-cs-vm kernel: [    0.913216] pci 0000:00:17.0: PCI bridge to [bus 13]
Sep 13 10:48:29 cu-cs-vm kernel: [    0.913454] pci 0000:00:17.0:   bridge window [io  0x6000-0x6fff]
Sep 13 10:48:29 cu-cs-vm kernel: [    0.913507] pci 0000:00:17.0:   bridge window [mem 0xfd200000-0xfd2fffff]
Sep 13 10:48:29 cu-cs-vm kernel: [    0.913607] pci 0000:00:17.0:   bridge window [mem 0xe7800000-0xe78fffff 64bit pref]
Sep 13 10:48:29 cu-cs-vm kernel: [    0.914414] pci 0000:00:17.1: PCI bridge to [bus 14]
Sep 13 10:48:29 cu-cs-vm kernel: [    0.914604] pci 0000:00:17.1:   bridge window [io  0xa000-0xafff]
Sep 13 10:48:29 cu-cs-vm kernel: [    0.914656] pci 0000:00:17.1:   bridge window [mem 0xfce00000-0xfcefffff]
Sep 13 10:48:29 cu-cs-vm kernel: [    0.914761] pci 0000:00:17.1:   bridge window [mem 0xe7400000-0xe74fffff 64bit pref]
Sep 13 10:48:29 cu-cs-vm kernel: [    0.915570] pci 0000:00:17.2: PCI bridge to [bus 15]
Sep 13 10:48:29 cu-cs-vm kernel: [    0.915759] pci 0000:00:17.2:   bridge window [io  0xe000-0xefff]
Sep 13 10:48:29 cu-cs-vm kernel: [    0.915811] pci 0000:00:17.2:   bridge window [mem 0xfca00000-0xfcafffff]
Sep 13 10:48:29 cu-cs-vm kernel: [    0.915912] pci 0000:00:17.2:   bridge window [mem 0xe7000000-0xe70fffff 64bit pref]
Sep 13 10:48:29 cu-cs-vm kernel: [    0.916699] pci 0000:00:17.3: PCI bridge to [bus 16]
Sep 13 10:48:29 cu-cs-vm kernel: [    0.916937] pci 0000:00:17.3:   bridge window [mem 0xfc600000-0xfc6fffff]
Sep 13 10:48:29 cu-cs-vm kernel: [    0.917037] pci 0000:00:17.3:   bridge window [mem 0xe6c00000-0xe6cfffff 64bit pref]
Sep 13 10:48:29 cu-cs-vm kernel: [    0.917920] pci 0000:00:17.4: PCI bridge to [bus 17]
Sep 13 10:48:29 cu-cs-vm kernel: [    0.918220] pci 0000:00:17.4:   bridge window [mem 0xfc200000-0xfc2fffff]
Sep 13 10:48:29 cu-cs-vm kernel: [    0.918342] pci 0000:00:17.4:   bridge window [mem 0xe6800000-0xe68fffff 64bit pref]
Sep 13 10:48:29 cu-cs-vm kernel: [    0.919396] pci 0000:00:17.5: PCI bridge to [bus 18]
Sep 13 10:48:29 cu-cs-vm kernel: [    0.919705] pci 0000:00:17.5:   bridge window [mem 0xfbe00000-0xfbefffff]
Sep 13 10:48:29 cu-cs-vm kernel: [    0.919827] pci 0000:00:17.5:   bridge window [mem 0xe6400000-0xe64fffff 64bit pref]
Sep 13 10:48:29 cu-cs-vm kernel: [    0.920792] pci 0000:00:17.6: PCI bridge to [bus 19]
Sep 13 10:48:29 cu-cs-vm kernel: [    0.921158] pci 0000:00:17.6:   bridge window [mem 0xfba00000-0xfbafffff]
Sep 13 10:48:29 cu-cs-vm kernel: [    0.921308] pci 0000:00:17.6:   bridge window [mem 0xe6000000-0xe60fffff 64bit pref]
Sep 13 10:48:29 cu-cs-vm kernel: [    0.922473] pci 0000:00:17.7: PCI bridge to [bus 1a]
Sep 13 10:48:29 cu-cs-vm kernel: [    0.922832] pci 0000:00:17.7:   bridge window [mem 0xfb600000-0xfb6fffff]
Sep 13 10:48:29 cu-cs-vm kernel: [    0.922970] pci 0000:00:17.7:   bridge window [mem 0xe5c00000-0xe5cfffff 64bit pref]
Sep 13 10:48:29 cu-cs-vm kernel: [    0.923832] pci 0000:00:18.0: PCI bridge to [bus 1b]
Sep 13 10:48:29 cu-cs-vm kernel: [    0.923980] pci 0000:00:18.0:   bridge window [io  0x7000-0x7fff]
Sep 13 10:48:29 cu-cs-vm kernel: [    0.924012] pci 0000:00:18.0:   bridge window [mem 0xfd100000-0xfd1fffff]
Sep 13 10:48:29 cu-cs-vm kernel: [    0.924085] pci 0000:00:18.0:   bridge window [mem 0xe7700000-0xe77fffff 64bit pref]
Sep 13 10:48:29 cu-cs-vm kernel: [    0.924821] pci 0000:00:18.1: PCI bridge to [bus 1c]
Sep 13 10:48:29 cu-cs-vm kernel: [    0.925081] pci 0000:00:18.1:   bridge window [io  0xb000-0xbfff]
Sep 13 10:48:29 cu-cs-vm kernel: [    0.925148] pci 0000:00:18.1:   bridge window [mem 0xfcd00000-0xfcdfffff]
Sep 13 10:48:29 cu-cs-vm kernel: [    0.925274] pci 0000:00:18.1:   bridge window [mem 0xe7300000-0xe73fffff 64bit pref]
Sep 13 10:48:29 cu-cs-vm kernel: [    0.926438] pci 0000:00:18.2: PCI bridge to [bus 1d]
Sep 13 10:48:29 cu-cs-vm kernel: [    0.926697] pci 0000:00:18.2:   bridge window [mem 0xfc900000-0xfc9fffff]
Sep 13 10:48:29 cu-cs-vm kernel: [    0.926801] pci 0000:00:18.2:   bridge window [mem 0xe6f00000-0xe6ffffff 64bit pref]
Sep 13 10:48:29 cu-cs-vm kernel: [    0.927733] pci 0000:00:18.3: PCI bridge to [bus 1e]
Sep 13 10:48:29 cu-cs-vm kernel: [    0.928016] pci 0000:00:18.3:   bridge window [mem 0xfc500000-0xfc5fffff]
Sep 13 10:48:29 cu-cs-vm kernel: [    0.928141] pci 0000:00:18.3:   bridge window [mem 0xe6b00000-0xe6bfffff 64bit pref]
Sep 13 10:48:29 cu-cs-vm kernel: [    0.929220] pci 0000:00:18.4: PCI bridge to [bus 1f]
Sep 13 10:48:29 cu-cs-vm kernel: [    0.929536] pci 0000:00:18.4:   bridge window [mem 0xfc100000-0xfc1fffff]
Sep 13 10:48:29 cu-cs-vm kernel: [    0.929665] pci 0000:00:18.4:   bridge window [mem 0xe6700000-0xe67fffff 64bit pref]
Sep 13 10:48:29 cu-cs-vm kernel: [    0.930748] pci 0000:00:18.5: PCI bridge to [bus 20]
Sep 13 10:48:29 cu-cs-vm kernel: [    0.931012] pci 0000:00:18.5:   bridge window [mem 0xfbd00000-0xfbdfffff]
Sep 13 10:48:29 cu-cs-vm kernel: [    0.931131] pci 0000:00:18.5:   bridge window [mem 0xe6300000-0xe63fffff 64bit pref]
Sep 13 10:48:29 cu-cs-vm kernel: [    0.932174] pci 0000:00:18.6: PCI bridge to [bus 21]
Sep 13 10:48:29 cu-cs-vm kernel: [    0.932474] pci 0000:00:18.6:   bridge window [mem 0xfb900000-0xfb9fffff]
Sep 13 10:48:29 cu-cs-vm kernel: [    0.932597] pci 0000:00:18.6:   bridge window [mem 0xe5f00000-0xe5ffffff 64bit pref]
Sep 13 10:48:29 cu-cs-vm kernel: [    0.933657] pci 0000:00:18.7: PCI bridge to [bus 22]
Sep 13 10:48:29 cu-cs-vm kernel: [    0.934017] pci 0000:00:18.7:   bridge window [mem 0xfb500000-0xfb5fffff]
Sep 13 10:48:29 cu-cs-vm kernel: [    0.934142] pci 0000:00:18.7:   bridge window [mem 0xe5b00000-0xe5bfffff 64bit pref]
Sep 13 10:48:29 cu-cs-vm kernel: [    0.940190] ACPI: PCI Interrupt Link [LNKA] (IRQs 3 4 5 6 7 *9 10 11 14 15)
Sep 13 10:48:29 cu-cs-vm kernel: [    0.940649] ACPI: PCI Interrupt Link [LNKB] (IRQs 3 4 5 6 7 9 10 *11 14 15)
Sep 13 10:48:29 cu-cs-vm kernel: [    0.941051] ACPI: PCI Interrupt Link [LNKC] (IRQs 3 4 5 6 7 9 *10 11 14 15)
Sep 13 10:48:29 cu-cs-vm kernel: [    0.941449] ACPI: PCI Interrupt Link [LNKD] (IRQs 3 4 5 6 *7 9 10 11 14 15)
Sep 13 10:48:29 cu-cs-vm kernel: [    1.061864] SCSI subsystem initialized
Sep 13 10:48:29 cu-cs-vm kernel: [    1.062188] libata version 3.00 loaded.
Sep 13 10:48:29 cu-cs-vm kernel: [    1.062188] pci 0000:00:0f.0: vgaarb: setting as boot VGA device
Sep 13 10:48:29 cu-cs-vm kernel: [    1.062188] pci 0000:00:0f.0: vgaarb: VGA device added: decodes=io+mem,owns=io+mem,locks=none
Sep 13 10:48:29 cu-cs-vm kernel: [    1.062188] pci 0000:00:0f.0: vgaarb: bridge control possible
Sep 13 10:48:29 cu-cs-vm kernel: [    1.062188] vgaarb: loaded
Sep 13 10:48:29 cu-cs-vm kernel: [    1.062188] ACPI: bus type USB registered
Sep 13 10:48:29 cu-cs-vm kernel: [    1.062188] usbcore: registered new interface driver usbfs
Sep 13 10:48:29 cu-cs-vm kernel: [    1.062188] usbcore: registered new interface driver hub
Sep 13 10:48:29 cu-cs-vm kernel: [    1.062188] usbcore: registered new device driver usb
Sep 13 10:48:29 cu-cs-vm kernel: [    1.064130] EDAC MC: Ver: 3.0.0
Sep 13 10:48:29 cu-cs-vm kernel: [    1.068129] PCI: Using ACPI for IRQ routing
Sep 13 10:48:29 cu-cs-vm kernel: [    1.140176] PCI: pci_cache_line_size set to 64 bytes
Sep 13 10:48:29 cu-cs-vm kernel: [    1.142458] e820: reserve RAM buffer [mem 0x0009e800-0x0009ffff]
Sep 13 10:48:29 cu-cs-vm kernel: [    1.142462] e820: reserve RAM buffer [mem 0xbfed0000-0xbfffffff]
Sep 13 10:48:29 cu-cs-vm kernel: [    1.142684] NetLabel: Initializing
Sep 13 10:48:29 cu-cs-vm kernel: [    1.142800] NetLabel:  domain hash size = 128
Sep 13 10:48:29 cu-cs-vm kernel: [    1.142923] NetLabel:  protocols = UNLABELED CIPSOv4 CALIPSO
Sep 13 10:48:29 cu-cs-vm kernel: [    1.143090] NetLabel:  unlabeled traffic allowed by default
Sep 13 10:48:29 cu-cs-vm kernel: [    1.144912] clocksource: Switched to clocksource refined-jiffies
Sep 13 10:48:29 cu-cs-vm kernel: [    1.165247] VFS: Disk quotas dquot_6.6.0
Sep 13 10:48:29 cu-cs-vm kernel: [    1.165506] VFS: Dquot-cache hash table entries: 512 (order 0, 4096 bytes)
Sep 13 10:48:29 cu-cs-vm kernel: [    1.166082] AppArmor: AppArmor Filesystem Enabled
Sep 13 10:48:29 cu-cs-vm kernel: [    1.166281] pnp: PnP ACPI init
Sep 13 10:48:29 cu-cs-vm kernel: [    1.166877] system 00:00: [io  0x1000-0x103f] has been reserved
Sep 13 10:48:29 cu-cs-vm kernel: [    1.167069] system 00:00: [io  0x1040-0x104f] has been reserved
Sep 13 10:48:29 cu-cs-vm kernel: [    1.167252] system 00:00: [io  0x0cf0-0x0cf1] has been reserved
Sep 13 10:48:29 cu-cs-vm kernel: [    1.167443] system 00:00: Plug and Play ACPI device, IDs PNP0c02 (active)
Sep 13 10:48:29 cu-cs-vm kernel: [    1.167501] pnp 00:01: Plug and Play ACPI device, IDs PNP0b00 (active)
Sep 13 10:48:29 cu-cs-vm kernel: [    1.167556] pnp 00:02: Plug and Play ACPI device, IDs PNP0303 (active)
Sep 13 10:48:29 cu-cs-vm kernel: [    1.167592] pnp 00:03: Plug and Play ACPI device, IDs VMW0003 PNP0f13 (active)
Sep 13 10:48:29 cu-cs-vm kernel: [    1.172993] system 00:04: [io  0xfce0-0xfcff] has been reserved
Sep 13 10:48:29 cu-cs-vm kernel: [    1.173161] system 00:04: [mem 0xf0000000-0xf7ffffff] has been reserved
Sep 13 10:48:29 cu-cs-vm kernel: [    1.173333] system 00:04: [mem 0xfe800000-0xfe9fffff] has been reserved
Sep 13 10:48:29 cu-cs-vm kernel: [    1.173508] system 00:04: Plug and Play ACPI device, IDs PNP0c02 (active)
Sep 13 10:48:29 cu-cs-vm kernel: [    1.269827] pnp: PnP ACPI: found 5 devices
Sep 13 10:48:29 cu-cs-vm kernel: [    1.288008] clocksource: acpi_pm: mask: 0xffffff max_cycles: 0xffffff, max_idle_ns: 2085701024 ns
Sep 13 10:48:29 cu-cs-vm kernel: [    1.288080] clocksource: Switched to clocksource acpi_pm
Sep 13 10:48:29 cu-cs-vm kernel: [    1.289070] pci 0000:00:15.3: bridge window [io  0x1000-0x0fff] to [bus 06] add_size 1000
Sep 13 10:48:29 cu-cs-vm kernel: [    1.289221] pci 0000:00:15.4: bridge window [io  0x1000-0x0fff] to [bus 07] add_size 1000
Sep 13 10:48:29 cu-cs-vm kernel: [    1.289372] pci 0000:00:15.5: bridge window [io  0x1000-0x0fff] to [bus 08] add_size 1000
Sep 13 10:48:29 cu-cs-vm kernel: [    1.289522] pci 0000:00:15.6: bridge window [io  0x1000-0x0fff] to [bus 09] add_size 1000
Sep 13 10:48:29 cu-cs-vm kernel: [    1.289672] pci 0000:00:15.7: bridge window [io  0x1000-0x0fff] to [bus 0a] add_size 1000
Sep 13 10:48:29 cu-cs-vm kernel: [    1.290287] pci 0000:00:16.3: bridge window [io  0x1000-0x0fff] to [bus 0e] add_size 1000
Sep 13 10:48:29 cu-cs-vm kernel: [    1.290438] pci 0000:00:16.4: bridge window [io  0x1000-0x0fff] to [bus 0f] add_size 1000
Sep 13 10:48:29 cu-cs-vm kernel: [    1.290588] pci 0000:00:16.5: bridge window [io  0x1000-0x0fff] to [bus 10] add_size 1000
Sep 13 10:48:29 cu-cs-vm kernel: [    1.290738] pci 0000:00:16.6: bridge window [io  0x1000-0x0fff] to [bus 11] add_size 1000
Sep 13 10:48:29 cu-cs-vm kernel: [    1.290888] pci 0000:00:16.7: bridge window [io  0x1000-0x0fff] to [bus 12] add_size 1000
Sep 13 10:48:29 cu-cs-vm kernel: [    1.291477] pci 0000:00:17.3: bridge window [io  0x1000-0x0fff] to [bus 16] add_size 1000
Sep 13 10:48:29 cu-cs-vm kernel: [    1.291627] pci 0000:00:17.4: bridge window [io  0x1000-0x0fff] to [bus 17] add_size 1000
Sep 13 10:48:29 cu-cs-vm kernel: [    1.291777] pci 0000:00:17.5: bridge window [io  0x1000-0x0fff] to [bus 18] add_size 1000
Sep 13 10:48:29 cu-cs-vm kernel: [    1.291927] pci 0000:00:17.6: bridge window [io  0x1000-0x0fff] to [bus 19] add_size 1000
Sep 13 10:48:29 cu-cs-vm kernel: [    1.292086] pci 0000:00:17.7: bridge window [io  0x1000-0x0fff] to [bus 1a] add_size 1000
Sep 13 10:48:29 cu-cs-vm kernel: [    1.292528] pci 0000:00:18.2: bridge window [io  0x1000-0x0fff] to [bus 1d] add_size 1000
Sep 13 10:48:29 cu-cs-vm kernel: [    1.292678] pci 0000:00:18.3: bridge window [io  0x1000-0x0fff] to [bus 1e] add_size 1000
Sep 13 10:48:29 cu-cs-vm kernel: [    1.292829] pci 0000:00:18.4: bridge window [io  0x1000-0x0fff] to [bus 1f] add_size 1000
Sep 13 10:48:29 cu-cs-vm kernel: [    1.292978] pci 0000:00:18.5: bridge window [io  0x1000-0x0fff] to [bus 20] add_size 1000
Sep 13 10:48:29 cu-cs-vm kernel: [    1.293128] pci 0000:00:18.6: bridge window [io  0x1000-0x0fff] to [bus 21] add_size 1000
Sep 13 10:48:29 cu-cs-vm kernel: [    1.293278] pci 0000:00:18.7: bridge window [io  0x1000-0x0fff] to [bus 22] add_size 1000
Sep 13 10:48:29 cu-cs-vm kernel: [    1.293318] pci 0000:00:0f.0: BAR 6: assigned [mem 0xc0000000-0xc0007fff pref]
Sep 13 10:48:29 cu-cs-vm kernel: [    1.293515] pci 0000:00:10.0: BAR 6: assigned [mem 0xc0008000-0xc000bfff pref]
Sep 13 10:48:29 cu-cs-vm kernel: [    1.293708] pci 0000:00:15.3: BAR 13: no space for [io  size 0x1000]
Sep 13 10:48:29 cu-cs-vm kernel: [    1.293903] pci 0000:00:15.3: BAR 13: failed to assign [io  size 0x1000]
Sep 13 10:48:29 cu-cs-vm kernel: [    1.294079] pci 0000:00:15.4: BAR 13: no space for [io  size 0x1000]
Sep 13 10:48:29 cu-cs-vm kernel: [    1.294243] pci 0000:00:15.4: BAR 13: failed to assign [io  size 0x1000]
Sep 13 10:48:29 cu-cs-vm kernel: [    1.294415] pci 0000:00:15.5: BAR 13: no space for [io  size 0x1000]
Sep 13 10:48:29 cu-cs-vm kernel: [    1.294579] pci 0000:00:15.5: BAR 13: failed to assign [io  size 0x1000]
Sep 13 10:48:29 cu-cs-vm kernel: [    1.294752] pci 0000:00:15.6: BAR 13: no space for [io  size 0x1000]
Sep 13 10:48:29 cu-cs-vm kernel: [    1.294916] pci 0000:00:15.6: BAR 13: failed to assign [io  size 0x1000]
Sep 13 10:48:29 cu-cs-vm kernel: [    1.295088] pci 0000:00:15.7: BAR 13: no space for [io  size 0x1000]
Sep 13 10:48:29 cu-cs-vm kernel: [    1.295251] pci 0000:00:15.7: BAR 13: failed to assign [io  size 0x1000]
Sep 13 10:48:29 cu-cs-vm kernel: [    1.295423] pci 0000:00:16.3: BAR 13: no space for [io  size 0x1000]
Sep 13 10:48:29 cu-cs-vm kernel: [    1.295586] pci 0000:00:16.3: BAR 13: failed to assign [io  size 0x1000]
